<?xml version="1.0"?>
<link_info>
   <banner>TMS320C2000 Linker PC v6.2.0</banner>
   <copyright>Copyright (c) 1996-2013 Texas Instruments Incorporated</copyright>
   <link_time>0x536c0f88</link_time>
   <link_errors>0x0</link_errors>
   <output_file>CompareValues.out</output_file>
   <entry_point>
      <name>_c_int00</name>
      <address>0x3f58aa</address>
   </entry_point>
   <input_file_list>
      <input_file id="fl-3">
         <path>.\</path>
         <kind>object</kind>
         <file>F2806x_GlobalVariableDefs.obj</file>
         <name>F2806x_GlobalVariableDefs.obj</name>
      </input_file>
      <input_file id="fl-4">
         <path>.\</path>
         <kind>object</kind>
         <file>F2806x_CodeStartBranch.obj</file>
         <name>F2806x_CodeStartBranch.obj</name>
      </input_file>
      <input_file id="fl-5">
         <path>.\</path>
         <kind>object</kind>
         <file>CompareValues-Main.obj</file>
         <name>CompareValues-Main.obj</name>
      </input_file>
      <input_file id="fl-6">
         <path>.\</path>
         <kind>object</kind>
         <file>CompareValues-DevInit_F2806x.obj</file>
         <name>CompareValues-DevInit_F2806x.obj</name>
      </input_file>
      <input_file id="fl-a">
         <path>C:\evansTi\ccsv5\tools\compiler\c2000_6.2.0\lib\</path>
         <kind>archive</kind>
         <file>rts2800_ml.lib</file>
         <name>boot.obj</name>
      </input_file>
      <input_file id="fl-b">
         <path>C:\evansTi\ccsv5\tools\compiler\c2000_6.2.0\lib\</path>
         <kind>archive</kind>
         <file>rts2800_ml.lib</file>
         <name>exit.obj</name>
      </input_file>
      <input_file id="fl-c">
         <path>C:\evansTi\ccsv5\tools\compiler\c2000_6.2.0\lib\</path>
         <kind>archive</kind>
         <file>rts2800_ml.lib</file>
         <name>fgetc.obj</name>
      </input_file>
      <input_file id="fl-d">
         <path>C:\evansTi\ccsv5\tools\compiler\c2000_6.2.0\lib\</path>
         <kind>archive</kind>
         <file>rts2800_ml.lib</file>
         <name>_io_perm.obj</name>
      </input_file>
      <input_file id="fl-e">
         <path>C:\evansTi\ccsv5\tools\compiler\c2000_6.2.0\lib\</path>
         <kind>archive</kind>
         <file>rts2800_ml.lib</file>
         <name>_lock.obj</name>
      </input_file>
      <input_file id="fl-f">
         <path>C:\evansTi\ccsv5\tools\compiler\c2000_6.2.0\lib\</path>
         <kind>archive</kind>
         <file>rts2800_ml.lib</file>
         <name>lowlev.obj</name>
      </input_file>
      <input_file id="fl-10">
         <path>C:\evansTi\ccsv5\tools\compiler\c2000_6.2.0\lib\</path>
         <kind>archive</kind>
         <file>rts2800_ml.lib</file>
         <name>printf.obj</name>
      </input_file>
      <input_file id="fl-11">
         <path>C:\evansTi\ccsv5\tools\compiler\c2000_6.2.0\lib\</path>
         <kind>archive</kind>
         <file>rts2800_ml.lib</file>
         <name>setvbuf.obj</name>
      </input_file>
      <input_file id="fl-12">
         <path>C:\evansTi\ccsv5\tools\compiler\c2000_6.2.0\lib\</path>
         <kind>archive</kind>
         <file>rts2800_ml.lib</file>
         <name>strchr.obj</name>
      </input_file>
      <input_file id="fl-13">
         <path>C:\evansTi\ccsv5\tools\compiler\c2000_6.2.0\lib\</path>
         <kind>archive</kind>
         <file>rts2800_ml.lib</file>
         <name>strcmp.obj</name>
      </input_file>
      <input_file id="fl-14">
         <path>C:\evansTi\ccsv5\tools\compiler\c2000_6.2.0\lib\</path>
         <kind>archive</kind>
         <file>rts2800_ml.lib</file>
         <name>strncpy.obj</name>
      </input_file>
      <input_file id="fl-15">
         <path>C:\evansTi\ccsv5\tools\compiler\c2000_6.2.0\lib\</path>
         <kind>archive</kind>
         <file>rts2800_ml.lib</file>
         <name>trgdrv.obj</name>
      </input_file>
      <input_file id="fl-16">
         <path>C:\evansTi\ccsv5\tools\compiler\c2000_6.2.0\lib\</path>
         <kind>archive</kind>
         <file>rts2800_ml.lib</file>
         <name>ankmsg.obj</name>
      </input_file>
      <input_file id="fl-17">
         <path>C:\evansTi\ccsv5\tools\compiler\c2000_6.2.0\lib\</path>
         <kind>archive</kind>
         <file>rts2800_ml.lib</file>
         <name>args_main.obj</name>
      </input_file>
      <input_file id="fl-18">
         <path>C:\evansTi\ccsv5\tools\compiler\c2000_6.2.0\lib\</path>
         <kind>archive</kind>
         <file>rts2800_ml.lib</file>
         <name>_bufread.obj</name>
      </input_file>
      <input_file id="fl-19">
         <path>C:\evansTi\ccsv5\tools\compiler\c2000_6.2.0\lib\</path>
         <kind>archive</kind>
         <file>rts2800_ml.lib</file>
         <name>defs.obj</name>
      </input_file>
      <input_file id="fl-1a">
         <path>C:\evansTi\ccsv5\tools\compiler\c2000_6.2.0\lib\</path>
         <kind>archive</kind>
         <file>rts2800_ml.lib</file>
         <name>fflush.obj</name>
      </input_file>
      <input_file id="fl-1b">
         <path>C:\evansTi\ccsv5\tools\compiler\c2000_6.2.0\lib\</path>
         <kind>archive</kind>
         <file>rts2800_ml.lib</file>
         <name>fopen.obj</name>
      </input_file>
      <input_file id="fl-1c">
         <path>C:\evansTi\ccsv5\tools\compiler\c2000_6.2.0\lib\</path>
         <kind>archive</kind>
         <file>rts2800_ml.lib</file>
         <name>fputc.obj</name>
      </input_file>
      <input_file id="fl-1d">
         <path>C:\evansTi\ccsv5\tools\compiler\c2000_6.2.0\lib\</path>
         <kind>archive</kind>
         <file>rts2800_ml.lib</file>
         <name>fputs.obj</name>
      </input_file>
      <input_file id="fl-1e">
         <path>C:\evansTi\ccsv5\tools\compiler\c2000_6.2.0\lib\</path>
         <kind>archive</kind>
         <file>rts2800_ml.lib</file>
         <name>fseek.obj</name>
      </input_file>
      <input_file id="fl-1f">
         <path>C:\evansTi\ccsv5\tools\compiler\c2000_6.2.0\lib\</path>
         <kind>archive</kind>
         <file>rts2800_ml.lib</file>
         <name>memchr.obj</name>
      </input_file>
      <input_file id="fl-20">
         <path>C:\evansTi\ccsv5\tools\compiler\c2000_6.2.0\lib\</path>
         <kind>archive</kind>
         <file>rts2800_ml.lib</file>
         <name>memcpy_ff.obj</name>
      </input_file>
      <input_file id="fl-21">
         <path>C:\evansTi\ccsv5\tools\compiler\c2000_6.2.0\lib\</path>
         <kind>archive</kind>
         <file>rts2800_ml.lib</file>
         <name>memory.obj</name>
      </input_file>
      <input_file id="fl-22">
         <path>C:\evansTi\ccsv5\tools\compiler\c2000_6.2.0\lib\</path>
         <kind>archive</kind>
         <file>rts2800_ml.lib</file>
         <name>_printfi.obj</name>
      </input_file>
      <input_file id="fl-23">
         <path>C:\evansTi\ccsv5\tools\compiler\c2000_6.2.0\lib\</path>
         <kind>archive</kind>
         <file>rts2800_ml.lib</file>
         <name>strcpy.obj</name>
      </input_file>
      <input_file id="fl-24">
         <path>C:\evansTi\ccsv5\tools\compiler\c2000_6.2.0\lib\</path>
         <kind>archive</kind>
         <file>rts2800_ml.lib</file>
         <name>strlen.obj</name>
      </input_file>
      <input_file id="fl-25">
         <path>C:\evansTi\ccsv5\tools\compiler\c2000_6.2.0\lib\</path>
         <kind>archive</kind>
         <file>rts2800_ml.lib</file>
         <name>atoi.obj</name>
      </input_file>
      <input_file id="fl-26">
         <path>C:\evansTi\ccsv5\tools\compiler\c2000_6.2.0\lib\</path>
         <kind>archive</kind>
         <file>rts2800_ml.lib</file>
         <name>ctype.obj</name>
      </input_file>
      <input_file id="fl-27">
         <path>C:\evansTi\ccsv5\tools\compiler\c2000_6.2.0\lib\</path>
         <kind>archive</kind>
         <file>rts2800_ml.lib</file>
         <name>fclose.obj</name>
      </input_file>
      <input_file id="fl-28">
         <path>C:\evansTi\ccsv5\tools\compiler\c2000_6.2.0\lib\</path>
         <kind>archive</kind>
         <file>rts2800_ml.lib</file>
         <name>fd_cmp.obj</name>
      </input_file>
      <input_file id="fl-29">
         <path>C:\evansTi\ccsv5\tools\compiler\c2000_6.2.0\lib\</path>
         <kind>archive</kind>
         <file>rts2800_ml.lib</file>
         <name>fd_div.obj</name>
      </input_file>
      <input_file id="fl-2a">
         <path>C:\evansTi\ccsv5\tools\compiler\c2000_6.2.0\lib\</path>
         <kind>archive</kind>
         <file>rts2800_ml.lib</file>
         <name>fd_mpy.obj</name>
      </input_file>
      <input_file id="fl-2b">
         <path>C:\evansTi\ccsv5\tools\compiler\c2000_6.2.0\lib\</path>
         <kind>archive</kind>
         <file>rts2800_ml.lib</file>
         <name>fd_neg.obj</name>
      </input_file>
      <input_file id="fl-2c">
         <path>C:\evansTi\ccsv5\tools\compiler\c2000_6.2.0\lib\</path>
         <kind>archive</kind>
         <file>rts2800_ml.lib</file>
         <name>fd_sub.obj</name>
      </input_file>
      <input_file id="fl-2d">
         <path>C:\evansTi\ccsv5\tools\compiler\c2000_6.2.0\lib\</path>
         <kind>archive</kind>
         <file>rts2800_ml.lib</file>
         <name>fd_toi.obj</name>
      </input_file>
      <input_file id="fl-2e">
         <path>C:\evansTi\ccsv5\tools\compiler\c2000_6.2.0\lib\</path>
         <kind>archive</kind>
         <file>rts2800_ml.lib</file>
         <name>fd_tol.obj</name>
      </input_file>
      <input_file id="fl-2f">
         <path>C:\evansTi\ccsv5\tools\compiler\c2000_6.2.0\lib\</path>
         <kind>archive</kind>
         <file>rts2800_ml.lib</file>
         <name>fs_tofd.obj</name>
      </input_file>
      <input_file id="fl-30">
         <path>C:\evansTi\ccsv5\tools\compiler\c2000_6.2.0\lib\</path>
         <kind>archive</kind>
         <file>rts2800_ml.lib</file>
         <name>ll_aox.obj</name>
      </input_file>
      <input_file id="fl-31">
         <path>C:\evansTi\ccsv5\tools\compiler\c2000_6.2.0\lib\</path>
         <kind>archive</kind>
         <file>rts2800_ml.lib</file>
         <name>ll_cmp.obj</name>
      </input_file>
      <input_file id="fl-32">
         <path>C:\evansTi\ccsv5\tools\compiler\c2000_6.2.0\lib\</path>
         <kind>archive</kind>
         <file>rts2800_ml.lib</file>
         <name>ll_div.obj</name>
      </input_file>
      <input_file id="fl-33">
         <path>C:\evansTi\ccsv5\tools\compiler\c2000_6.2.0\lib\</path>
         <kind>archive</kind>
         <file>rts2800_ml.lib</file>
         <name>ll_mpy.obj</name>
      </input_file>
      <input_file id="fl-34">
         <path>C:\evansTi\ccsv5\tools\compiler\c2000_6.2.0\lib\</path>
         <kind>archive</kind>
         <file>rts2800_ml.lib</file>
         <name>ltoa.obj</name>
      </input_file>
      <input_file id="fl-35">
         <path>C:\evansTi\ccsv5\tools\compiler\c2000_6.2.0\lib\</path>
         <kind>archive</kind>
         <file>rts2800_ml.lib</file>
         <name>l_tofd.obj</name>
      </input_file>
      <input_file id="fl-36">
         <path>C:\evansTi\ccsv5\tools\compiler\c2000_6.2.0\lib\</path>
         <kind>archive</kind>
         <file>rts2800_ml.lib</file>
         <name>memccpy.obj</name>
      </input_file>
      <input_file id="fl-37">
         <path>C:\evansTi\ccsv5\tools\compiler\c2000_6.2.0\lib\</path>
         <kind>archive</kind>
         <file>rts2800_ml.lib</file>
         <name>memset.obj</name>
      </input_file>
      <input_file id="fl-38">
         <path>C:\evansTi\ccsv5\tools\compiler\c2000_6.2.0\lib\</path>
         <kind>archive</kind>
         <file>rts2800_ml.lib</file>
         <name>remove.obj</name>
      </input_file>
      <input_file id="fl-39">
         <path>C:\evansTi\ccsv5\tools\compiler\c2000_6.2.0\lib\</path>
         <kind>archive</kind>
         <file>rts2800_ml.lib</file>
         <name>fd_add.obj</name>
      </input_file>
      <input_file id="fl-3a">
         <path>C:\evansTi\ccsv5\tools\compiler\c2000_6.2.0\lib\</path>
         <kind>archive</kind>
         <file>rts2800_ml.lib</file>
         <name>l_div.obj</name>
      </input_file>
   </input_file_list>
   <object_component_list>
      <object_component id="oc-7e">
         <name>PieVectTableFile</name>
         <uninitialized>true</uninitialized>
         <run_address>0xd00</run_address>
         <size>0x100</size>
         <input_file_ref idref="fl-3"/>
      </object_component>
      <object_component id="oc-4c">
         <name>EmuKeyVar</name>
         <uninitialized>true</uninitialized>
         <run_address>0xd00</run_address>
         <size>0x1</size>
         <input_file_ref idref="fl-3"/>
      </object_component>
      <object_component id="oc-4b">
         <name>EmuBModeVar</name>
         <uninitialized>true</uninitialized>
         <run_address>0xd01</run_address>
         <size>0x1</size>
         <input_file_ref idref="fl-3"/>
      </object_component>
      <object_component id="oc-4e">
         <name>FlashCallbackVar</name>
         <uninitialized>true</uninitialized>
         <run_address>0xd02</run_address>
         <size>0x2</size>
         <input_file_ref idref="fl-3"/>
      </object_component>
      <object_component id="oc-4f">
         <name>FlashScalingVar</name>
         <uninitialized>true</uninitialized>
         <run_address>0xd04</run_address>
         <size>0x2</size>
         <input_file_ref idref="fl-3"/>
      </object_component>
      <object_component id="oc-51">
         <name>DevEmuRegsFile</name>
         <uninitialized>true</uninitialized>
         <run_address>0x880</run_address>
         <size>0x4</size>
         <input_file_ref idref="fl-3"/>
      </object_component>
      <object_component id="oc-50">
         <name>SysPwrCtrlRegsFile</name>
         <uninitialized>true</uninitialized>
         <run_address>0x985</run_address>
         <size>0x3</size>
         <input_file_ref idref="fl-3"/>
      </object_component>
      <object_component id="oc-56">
         <name>FlashRegsFile</name>
         <uninitialized>true</uninitialized>
         <run_address>0xa80</run_address>
         <size>0x8</size>
         <input_file_ref idref="fl-3"/>
      </object_component>
      <object_component id="oc-5d">
         <name>CsmRegsFile</name>
         <uninitialized>true</uninitialized>
         <run_address>0xae0</run_address>
         <size>0x10</size>
         <input_file_ref idref="fl-3"/>
      </object_component>
      <object_component id="oc-5e">
         <name>AdcResultFile</name>
         <uninitialized>true</uninitialized>
         <run_address>0xb00</run_address>
         <size>0x10</size>
         <input_file_ref idref="fl-3"/>
      </object_component>
      <object_component id="oc-55">
         <name>CpuTimer0RegsFile</name>
         <uninitialized>true</uninitialized>
         <run_address>0xc00</run_address>
         <size>0x8</size>
         <input_file_ref idref="fl-3"/>
      </object_component>
      <object_component id="oc-57">
         <name>CpuTimer1RegsFile</name>
         <uninitialized>true</uninitialized>
         <run_address>0xc08</run_address>
         <size>0x8</size>
         <input_file_ref idref="fl-3"/>
      </object_component>
      <object_component id="oc-59">
         <name>CpuTimer2RegsFile</name>
         <uninitialized>true</uninitialized>
         <run_address>0xc10</run_address>
         <size>0x8</size>
         <input_file_ref idref="fl-3"/>
      </object_component>
      <object_component id="oc-62">
         <name>PieCtrlRegsFile</name>
         <uninitialized>true</uninitialized>
         <run_address>0xce0</run_address>
         <size>0x1a</size>
         <input_file_ref idref="fl-3"/>
      </object_component>
      <object_component id="oc-71">
         <name>Cla1RegsFile</name>
         <uninitialized>true</uninitialized>
         <run_address>0x1400</run_address>
         <size>0x40</size>
         <input_file_ref idref="fl-3"/>
      </object_component>
      <object_component id="oc-7c">
         <name>DmaRegsFile</name>
         <uninitialized>true</uninitialized>
         <run_address>0x1000</run_address>
         <size>0xe0</size>
         <input_file_ref idref="fl-3"/>
      </object_component>
      <object_component id="oc-6d">
         <name>ECanaRegsFile</name>
         <uninitialized>true</uninitialized>
         <run_address>0x6000</run_address>
         <size>0x34</size>
         <input_file_ref idref="fl-3"/>
      </object_component>
      <object_component id="oc-73">
         <name>ECanaLAMRegsFile</name>
         <uninitialized>true</uninitialized>
         <run_address>0x6040</run_address>
         <size>0x40</size>
         <input_file_ref idref="fl-3"/>
      </object_component>
      <object_component id="oc-7d">
         <name>ECanaMboxesFile</name>
         <uninitialized>true</uninitialized>
         <run_address>0x6100</run_address>
         <size>0x100</size>
         <input_file_ref idref="fl-3"/>
      </object_component>
      <object_component id="oc-72">
         <name>ECanaMOTSRegsFile</name>
         <uninitialized>true</uninitialized>
         <run_address>0x6080</run_address>
         <size>0x40</size>
         <input_file_ref idref="fl-3"/>
      </object_component>
      <object_component id="oc-6e">
         <name>ECanaMOTORegsFile</name>
         <uninitialized>true</uninitialized>
         <run_address>0x60c0</run_address>
         <size>0x40</size>
         <input_file_ref idref="fl-3"/>
      </object_component>
      <object_component id="oc-66">
         <name>ECap1RegsFile</name>
         <uninitialized>true</uninitialized>
         <run_address>0x6a00</run_address>
         <size>0x20</size>
         <input_file_ref idref="fl-3"/>
      </object_component>
      <object_component id="oc-63">
         <name>ECap2RegsFile</name>
         <uninitialized>true</uninitialized>
         <run_address>0x6a20</run_address>
         <size>0x20</size>
         <input_file_ref idref="fl-3"/>
      </object_component>
      <object_component id="oc-65">
         <name>ECap3RegsFile</name>
         <uninitialized>true</uninitialized>
         <run_address>0x6a40</run_address>
         <size>0x20</size>
         <input_file_ref idref="fl-3"/>
      </object_component>
      <object_component id="oc-6a">
         <name>EQep1RegsFile</name>
         <uninitialized>true</uninitialized>
         <run_address>0x6b00</run_address>
         <size>0x22</size>
         <input_file_ref idref="fl-3"/>
      </object_component>
      <object_component id="oc-69">
         <name>EQep2RegsFile</name>
         <uninitialized>true</uninitialized>
         <run_address>0x6b40</run_address>
         <size>0x22</size>
         <input_file_ref idref="fl-3"/>
      </object_component>
      <object_component id="oc-77">
         <name>GpioCtrlRegsFile</name>
         <uninitialized>true</uninitialized>
         <run_address>0x6f80</run_address>
         <size>0x40</size>
         <input_file_ref idref="fl-3"/>
      </object_component>
      <object_component id="oc-64">
         <name>GpioDataRegsFile</name>
         <uninitialized>true</uninitialized>
         <run_address>0x6fc0</run_address>
         <size>0x20</size>
         <input_file_ref idref="fl-3"/>
      </object_component>
      <object_component id="oc-67">
         <name>GpioIntRegsFile</name>
         <uninitialized>true</uninitialized>
         <run_address>0x6fe0</run_address>
         <size>0x20</size>
         <input_file_ref idref="fl-3"/>
      </object_component>
      <object_component id="oc-6c">
         <name>SysCtrlRegsFile</name>
         <uninitialized>true</uninitialized>
         <run_address>0x7010</run_address>
         <size>0x30</size>
         <input_file_ref idref="fl-3"/>
      </object_component>
      <object_component id="oc-61">
         <name>SpiaRegsFile</name>
         <uninitialized>true</uninitialized>
         <run_address>0x7040</run_address>
         <size>0x10</size>
         <input_file_ref idref="fl-3"/>
      </object_component>
      <object_component id="oc-60">
         <name>SpibRegsFile</name>
         <uninitialized>true</uninitialized>
         <run_address>0x7740</run_address>
         <size>0x10</size>
         <input_file_ref idref="fl-3"/>
      </object_component>
      <object_component id="oc-5a">
         <name>SciaRegsFile</name>
         <uninitialized>true</uninitialized>
         <run_address>0x7050</run_address>
         <size>0x10</size>
         <input_file_ref idref="fl-3"/>
      </object_component>
      <object_component id="oc-5c">
         <name>ScibRegsFile</name>
         <uninitialized>true</uninitialized>
         <run_address>0x7750</run_address>
         <size>0x10</size>
         <input_file_ref idref="fl-3"/>
      </object_component>
      <object_component id="oc-5b">
         <name>NmiIntruptRegsFile</name>
         <uninitialized>true</uninitialized>
         <run_address>0x7060</run_address>
         <size>0x10</size>
         <input_file_ref idref="fl-3"/>
      </object_component>
      <object_component id="oc-5f">
         <name>XIntruptRegsFile</name>
         <uninitialized>true</uninitialized>
         <run_address>0x7070</run_address>
         <size>0x10</size>
         <input_file_ref idref="fl-3"/>
      </object_component>
      <object_component id="oc-7b">
         <name>AdcRegsFile</name>
         <uninitialized>true</uninitialized>
         <run_address>0x7100</run_address>
         <size>0x50</size>
         <input_file_ref idref="fl-3"/>
      </object_component>
      <object_component id="oc-68">
         <name>I2caRegsFile</name>
         <uninitialized>true</uninitialized>
         <run_address>0x7900</run_address>
         <size>0x22</size>
         <input_file_ref idref="fl-3"/>
      </object_component>
      <object_component id="oc-54">
         <name>Comp1RegsFile</name>
         <uninitialized>true</uninitialized>
         <run_address>0x6400</run_address>
         <size>0x7</size>
         <input_file_ref idref="fl-3"/>
      </object_component>
      <object_component id="oc-52">
         <name>Comp2RegsFile</name>
         <uninitialized>true</uninitialized>
         <run_address>0x6420</run_address>
         <size>0x7</size>
         <input_file_ref idref="fl-3"/>
      </object_component>
      <object_component id="oc-53">
         <name>Comp3RegsFile</name>
         <uninitialized>true</uninitialized>
         <run_address>0x6440</run_address>
         <size>0x7</size>
         <input_file_ref idref="fl-3"/>
      </object_component>
      <object_component id="oc-6f">
         <name>EPwm1RegsFile</name>
         <uninitialized>true</uninitialized>
         <run_address>0x6800</run_address>
         <size>0x40</size>
         <input_file_ref idref="fl-3"/>
      </object_component>
      <object_component id="oc-70">
         <name>EPwm2RegsFile</name>
         <uninitialized>true</uninitialized>
         <run_address>0x6840</run_address>
         <size>0x40</size>
         <input_file_ref idref="fl-3"/>
      </object_component>
      <object_component id="oc-78">
         <name>EPwm3RegsFile</name>
         <uninitialized>true</uninitialized>
         <run_address>0x6880</run_address>
         <size>0x40</size>
         <input_file_ref idref="fl-3"/>
      </object_component>
      <object_component id="oc-79">
         <name>EPwm4RegsFile</name>
         <uninitialized>true</uninitialized>
         <run_address>0x68c0</run_address>
         <size>0x40</size>
         <input_file_ref idref="fl-3"/>
      </object_component>
      <object_component id="oc-7a">
         <name>EPwm5RegsFile</name>
         <uninitialized>true</uninitialized>
         <run_address>0x6900</run_address>
         <size>0x40</size>
         <input_file_ref idref="fl-3"/>
      </object_component>
      <object_component id="oc-75">
         <name>EPwm6RegsFile</name>
         <uninitialized>true</uninitialized>
         <run_address>0x6940</run_address>
         <size>0x40</size>
         <input_file_ref idref="fl-3"/>
      </object_component>
      <object_component id="oc-74">
         <name>EPwm7RegsFile</name>
         <uninitialized>true</uninitialized>
         <run_address>0x6980</run_address>
         <size>0x40</size>
         <input_file_ref idref="fl-3"/>
      </object_component>
      <object_component id="oc-76">
         <name>EPwm8RegsFile</name>
         <uninitialized>true</uninitialized>
         <run_address>0x69c0</run_address>
         <size>0x40</size>
         <input_file_ref idref="fl-3"/>
      </object_component>
      <object_component id="oc-6b">
         <name>McbspaRegsFile</name>
         <uninitialized>true</uninitialized>
         <run_address>0x5000</run_address>
         <size>0x24</size>
         <input_file_ref idref="fl-3"/>
      </object_component>
      <object_component id="oc-58">
         <name>CsmPwlFile</name>
         <uninitialized>true</uninitialized>
         <run_address>0x3f7ff8</run_address>
         <size>0x8</size>
         <input_file_ref idref="fl-3"/>
      </object_component>
      <object_component id="oc-4d">
         <name>PartIdRegsFile</name>
         <uninitialized>true</uninitialized>
         <run_address>0x3d7e80</run_address>
         <size>0x1</size>
         <input_file_ref idref="fl-3"/>
      </object_component>
      <object_component id="oc-b3">
         <name>.cinit</name>
         <load_address>0x3f5d1c</load_address>
         <run_address>0x3f5d1c</run_address>
         <size>0x31</size>
         <input_file_ref idref="fl-f"/>
      </object_component>
      <object_component id="oc-e8">
         <name>.cinit</name>
         <load_address>0x3f5d4d</load_address>
         <run_address>0x3f5d4d</run_address>
         <size>0x2a</size>
         <input_file_ref idref="fl-19"/>
      </object_component>
      <object_component id="oc-ac">
         <name>.cinit</name>
         <load_address>0x3f5d77</load_address>
         <run_address>0x3f5d77</run_address>
         <size>0xa</size>
         <input_file_ref idref="fl-e"/>
      </object_component>
      <object_component id="oc-9b">
         <name>.cinit</name>
         <load_address>0x3f5d81</load_address>
         <run_address>0x3f5d81</run_address>
         <size>0xa</size>
         <input_file_ref idref="fl-b"/>
      </object_component>
      <object_component id="oc-87">
         <name>.cinit</name>
         <load_address>0x3f5d8b</load_address>
         <run_address>0x3f5d8b</run_address>
         <size>0x8</size>
         <input_file_ref idref="fl-5"/>
      </object_component>
      <object_component id="oc-f2">
         <name>.cinit</name>
         <load_address>0x3f5d93</load_address>
         <run_address>0x3f5d93</run_address>
         <size>0x4</size>
         <input_file_ref idref="fl-1b"/>
      </object_component>
      <object_component id="oc-113">
         <name>.cinit</name>
         <load_address>0x3f5d97</load_address>
         <run_address>0x3f5d97</run_address>
         <size>0x4</size>
         <input_file_ref idref="fl-21"/>
      </object_component>
      <object_component id="oc-119">
         <name>.text</name>
         <load_address>0x3f4000</load_address>
         <run_address>0x3f4000</run_address>
         <size>0x8fc</size>
         <input_file_ref idref="fl-22"/>
      </object_component>
      <object_component id="oc-b1">
         <name>.text</name>
         <load_address>0x3f48fc</load_address>
         <run_address>0x3f48fc</run_address>
         <size>0x201</size>
         <input_file_ref idref="fl-f"/>
      </object_component>
      <object_component id="oc-d1">
         <name>.text</name>
         <load_address>0x3f4afd</load_address>
         <run_address>0x3f4afd</run_address>
         <size>0x1f0</size>
         <input_file_ref idref="fl-15"/>
      </object_component>
      <object_component id="oc-111">
         <name>.text</name>
         <load_address>0x3f4ced</load_address>
         <run_address>0x3f4ced</run_address>
         <size>0x1c7</size>
         <input_file_ref idref="fl-21"/>
      </object_component>
      <object_component id="oc-8d">
         <name>.text</name>
         <load_address>0x3f4eb4</load_address>
         <run_address>0x3f4eb4</run_address>
         <size>0x16a</size>
         <input_file_ref idref="fl-6"/>
      </object_component>
      <object_component id="oc-85">
         <name>.text</name>
         <load_address>0x3f501e</load_address>
         <run_address>0x3f501e</run_address>
         <size>0x113</size>
         <input_file_ref idref="fl-5"/>
      </object_component>
      <object_component id="oc-15e">
         <name>.text</name>
         <load_address>0x3f5131</load_address>
         <run_address>0x3f5131</run_address>
         <size>0x107</size>
         <input_file_ref idref="fl-32"/>
      </object_component>
      <object_component id="oc-f0">
         <name>.text</name>
         <load_address>0x3f5238</load_address>
         <run_address>0x3f5238</run_address>
         <size>0xff</size>
         <input_file_ref idref="fl-1b"/>
      </object_component>
      <object_component id="oc-fc">
         <name>.text</name>
         <load_address>0x3f5337</load_address>
         <run_address>0x3f5337</run_address>
         <size>0xa5</size>
         <input_file_ref idref="fl-1d"/>
      </object_component>
      <object_component id="oc-17e">
         <name>.text</name>
         <load_address>0x3f53dc</load_address>
         <run_address>0x3f53dc</run_address>
         <size>0x9c</size>
         <input_file_ref idref="fl-39"/>
      </object_component>
      <object_component id="oc-d7">
         <name>.text</name>
         <load_address>0x3f5478</load_address>
         <run_address>0x3f5478</run_address>
         <size>0x8e</size>
         <input_file_ref idref="fl-16"/>
      </object_component>
      <object_component id="oc-13a">
         <name>.text</name>
         <load_address>0x3f5506</load_address>
         <run_address>0x3f5506</run_address>
         <size>0x8b</size>
         <input_file_ref idref="fl-29"/>
      </object_component>
      <object_component id="oc-13e">
         <name>.text</name>
         <load_address>0x3f5591</load_address>
         <run_address>0x3f5591</run_address>
         <size>0x83</size>
         <input_file_ref idref="fl-2a"/>
      </object_component>
      <object_component id="oc-bd">
         <name>.text</name>
         <load_address>0x3f5614</load_address>
         <run_address>0x3f5614</run_address>
         <size>0x78</size>
         <input_file_ref idref="fl-11"/>
      </object_component>
      <object_component id="oc-eb">
         <name>.text</name>
         <load_address>0x3f568c</load_address>
         <run_address>0x3f568c</run_address>
         <size>0x6b</size>
         <input_file_ref idref="fl-1a"/>
      </object_component>
      <object_component id="oc-a5">
         <name>.text</name>
         <load_address>0x3f56f7</load_address>
         <run_address>0x3f56f7</run_address>
         <size>0x65</size>
         <input_file_ref idref="fl-d"/>
      </object_component>
      <object_component id="oc-131">
         <name>.text</name>
         <load_address>0x3f575c</load_address>
         <run_address>0x3f575c</run_address>
         <size>0x5b</size>
         <input_file_ref idref="fl-27"/>
      </object_component>
      <object_component id="oc-e2">
         <name>.text</name>
         <load_address>0x3f57b7</load_address>
         <run_address>0x3f57b7</run_address>
         <size>0x53</size>
         <input_file_ref idref="fl-18"/>
      </object_component>
      <object_component id="oc-a0">
         <name>.text</name>
         <load_address>0x3f580a</load_address>
         <run_address>0x3f580a</run_address>
         <size>0x50</size>
         <input_file_ref idref="fl-c"/>
      </object_component>
      <object_component id="oc-f7">
         <name>.text</name>
         <load_address>0x3f585a</load_address>
         <run_address>0x3f585a</run_address>
         <size>0x50</size>
         <input_file_ref idref="fl-1c"/>
      </object_component>
      <object_component id="oc-49">
         <name>.text</name>
         <load_address>0x3f58aa</load_address>
         <run_address>0x3f58aa</run_address>
         <size>0x44</size>
         <input_file_ref idref="fl-a"/>
      </object_component>
      <object_component id="oc-102">
         <name>.text</name>
         <load_address>0x3f58ee</load_address>
         <run_address>0x3f58ee</run_address>
         <size>0x3d</size>
         <input_file_ref idref="fl-1e"/>
      </object_component>
      <object_component id="oc-b8">
         <name>.text</name>
         <load_address>0x3f592b</load_address>
         <run_address>0x3f592b</run_address>
         <size>0x32</size>
         <input_file_ref idref="fl-10"/>
      </object_component>
      <object_component id="oc-12a">
         <name>.text</name>
         <load_address>0x3f595d</load_address>
         <run_address>0x3f595d</run_address>
         <size>0x31</size>
         <input_file_ref idref="fl-25"/>
      </object_component>
      <object_component id="oc-166">
         <name>.text</name>
         <load_address>0x3f598e</load_address>
         <run_address>0x3f598e</run_address>
         <size>0x2c</size>
         <input_file_ref idref="fl-34"/>
      </object_component>
      <object_component id="oc-136">
         <name>.text</name>
         <load_address>0x3f59ba</load_address>
         <run_address>0x3f59ba</run_address>
         <size>0x2a</size>
         <input_file_ref idref="fl-28"/>
      </object_component>
      <object_component id="oc-182">
         <name>.text</name>
         <load_address>0x3f59e4</load_address>
         <run_address>0x3f59e4</run_address>
         <size>0x2a</size>
         <input_file_ref idref="fl-3a"/>
      </object_component>
      <object_component id="oc-cc">
         <name>.text</name>
         <load_address>0x3f5a0e</load_address>
         <run_address>0x3f5a0e</run_address>
         <size>0x22</size>
         <input_file_ref idref="fl-14"/>
      </object_component>
      <object_component id="oc-14a">
         <name>.text</name>
         <load_address>0x3f5a30</load_address>
         <run_address>0x3f5a30</run_address>
         <size>0x21</size>
         <input_file_ref idref="fl-2d"/>
      </object_component>
      <object_component id="oc-10c">
         <name>.text</name>
         <load_address>0x3f5a51</load_address>
         <run_address>0x3f5a51</run_address>
         <size>0x21</size>
         <input_file_ref idref="fl-20"/>
      </object_component>
      <object_component id="oc-14e">
         <name>.text</name>
         <load_address>0x3f5a72</load_address>
         <run_address>0x3f5a72</run_address>
         <size>0x1f</size>
         <input_file_ref idref="fl-2e"/>
      </object_component>
      <object_component id="oc-15a">
         <name>.text</name>
         <load_address>0x3f5a91</load_address>
         <run_address>0x3f5a91</run_address>
         <size>0x1e</size>
         <input_file_ref idref="fl-31"/>
      </object_component>
      <object_component id="oc-152">
         <name>.text</name>
         <load_address>0x3f5aaf</load_address>
         <run_address>0x3f5aaf</run_address>
         <size>0x1c</size>
         <input_file_ref idref="fl-2f"/>
      </object_component>
      <object_component id="oc-16b">
         <name>.text</name>
         <load_address>0x3f5acb</load_address>
         <run_address>0x3f5acb</run_address>
         <size>0x1c</size>
         <input_file_ref idref="fl-35"/>
      </object_component>
      <object_component id="oc-dd">
         <name>.text</name>
         <load_address>0x3f5ae7</load_address>
         <run_address>0x3f5ae7</run_address>
         <size>0x19</size>
         <input_file_ref idref="fl-17"/>
      </object_component>
      <object_component id="oc-99">
         <name>.text</name>
         <load_address>0x3f5b00</load_address>
         <run_address>0x3f5b00</run_address>
         <size>0x19</size>
         <input_file_ref idref="fl-b"/>
      </object_component>
      <object_component id="oc-156">
         <name>.text</name>
         <load_address>0x3f5b19</load_address>
         <run_address>0x3f5b19</run_address>
         <size>0x18</size>
         <input_file_ref idref="fl-30"/>
      </object_component>
      <object_component id="oc-162">
         <name>.text</name>
         <load_address>0x3f5b31</load_address>
         <run_address>0x3f5b31</run_address>
         <size>0x14</size>
         <input_file_ref idref="fl-33"/>
      </object_component>
      <object_component id="oc-107">
         <name>.text</name>
         <load_address>0x3f5b45</load_address>
         <run_address>0x3f5b45</run_address>
         <size>0x10</size>
         <input_file_ref idref="fl-1f"/>
      </object_component>
      <object_component id="oc-146">
         <name>.text</name>
         <load_address>0x3f5b55</load_address>
         <run_address>0x3f5b55</run_address>
         <size>0xe</size>
         <input_file_ref idref="fl-2c"/>
      </object_component>
      <object_component id="oc-16f">
         <name>.text</name>
         <load_address>0x3f5b63</load_address>
         <run_address>0x3f5b63</run_address>
         <size>0xd</size>
         <input_file_ref idref="fl-36"/>
      </object_component>
      <object_component id="oc-174">
         <name>.text</name>
         <load_address>0x3f5b70</load_address>
         <run_address>0x3f5b70</run_address>
         <size>0xc</size>
         <input_file_ref idref="fl-37"/>
      </object_component>
      <object_component id="oc-c2">
         <name>.text</name>
         <load_address>0x3f5b7c</load_address>
         <run_address>0x3f5b7c</run_address>
         <size>0xb</size>
         <input_file_ref idref="fl-12"/>
      </object_component>
      <object_component id="oc-c7">
         <name>.text</name>
         <load_address>0x3f5b87</load_address>
         <run_address>0x3f5b87</run_address>
         <size>0xa</size>
         <input_file_ref idref="fl-13"/>
      </object_component>
      <object_component id="oc-aa">
         <name>.text</name>
         <load_address>0x3f5b91</load_address>
         <run_address>0x3f5b91</run_address>
         <size>0x9</size>
         <input_file_ref idref="fl-e"/>
      </object_component>
      <object_component id="oc-142">
         <name>.text</name>
         <load_address>0x3f5b9a</load_address>
         <run_address>0x3f5b9a</run_address>
         <size>0x9</size>
         <input_file_ref idref="fl-2b"/>
      </object_component>
      <object_component id="oc-80">
         <name>.text</name>
         <load_address>0x3f5ba3</load_address>
         <run_address>0x3f5ba3</run_address>
         <size>0x8</size>
         <input_file_ref idref="fl-4"/>
      </object_component>
      <object_component id="oc-125">
         <name>.text</name>
         <load_address>0x3f5bab</load_address>
         <run_address>0x3f5bab</run_address>
         <size>0x8</size>
         <input_file_ref idref="fl-24"/>
      </object_component>
      <object_component id="oc-8f">
         <name>.text:retain</name>
         <load_address>0x3f5bb3</load_address>
         <run_address>0x3f5bb3</run_address>
         <size>0x5</size>
         <input_file_ref idref="fl-6"/>
      </object_component>
      <object_component id="oc-120">
         <name>.text</name>
         <load_address>0x3f5bb8</load_address>
         <run_address>0x3f5bb8</run_address>
         <size>0x5</size>
         <input_file_ref idref="fl-23"/>
      </object_component>
      <object_component id="oc-179">
         <name>.text</name>
         <load_address>0x3f5bbd</load_address>
         <run_address>0x3f5bbd</run_address>
         <size>0x3</size>
         <input_file_ref idref="fl-38"/>
      </object_component>
      <object_component id="oc-81">
         <name>codestart</name>
         <load_address>0x3f7ff6</load_address>
         <run_address>0x3f7ff6</run_address>
         <size>0x2</size>
         <input_file_ref idref="fl-4"/>
      </object_component>
      <object_component id="oc-90">
         <name>ramfuncs</name>
         <load_address>0x3f5d9d</load_address>
         <run_address>0x8000</run_address>
         <size>0x1b</size>
         <input_file_ref idref="fl-6"/>
      </object_component>
      <object_component id="oc-94">
         <name>.stack</name>
         <uninitialized>true</uninitialized>
         <run_address>0x50</run_address>
         <size>0x0</size>
         <input_file_ref idref="fl-a"/>
      </object_component>
      <object_component id="oc-1d9">
         <name>.stack</name>
         <uninitialized>true</uninitialized>
         <run_address>0x50</run_address>
         <size>0x0</size>
      </object_component>
      <object_component id="oc-88">
         <name>.ebss</name>
         <uninitialized>true</uninitialized>
         <run_address>0x8d78</run_address>
         <size>0x2</size>
         <input_file_ref idref="fl-5"/>
      </object_component>
      <object_component id="oc-9c">
         <name>.ebss</name>
         <uninitialized>true</uninitialized>
         <run_address>0x8d74</run_address>
         <size>0x4</size>
         <input_file_ref idref="fl-b"/>
      </object_component>
      <object_component id="oc-ad">
         <name>.ebss</name>
         <uninitialized>true</uninitialized>
         <run_address>0x8d70</run_address>
         <size>0x4</size>
         <input_file_ref idref="fl-e"/>
      </object_component>
      <object_component id="oc-b4">
         <name>.ebss</name>
         <uninitialized>true</uninitialized>
         <run_address>0x8d80</run_address>
         <size>0x88</size>
         <input_file_ref idref="fl-f"/>
      </object_component>
      <object_component id="oc-d3">
         <name>.ebss</name>
         <uninitialized>true</uninitialized>
         <run_address>0x8d68</run_address>
         <size>0x8</size>
         <input_file_ref idref="fl-15"/>
      </object_component>
      <object_component id="oc-e9">
         <name>.ebss</name>
         <uninitialized>true</uninitialized>
         <run_address>0x8c00</run_address>
         <size>0x160</size>
         <input_file_ref idref="fl-19"/>
      </object_component>
      <object_component id="oc-f3">
         <name>.ebss</name>
         <uninitialized>true</uninitialized>
         <run_address>0x8d7a</run_address>
         <size>0x1</size>
         <input_file_ref idref="fl-1b"/>
      </object_component>
      <object_component id="oc-114">
         <name>.ebss</name>
         <uninitialized>true</uninitialized>
         <run_address>0x8d60</run_address>
         <size>0x8</size>
         <input_file_ref idref="fl-21"/>
      </object_component>
      <object_component id="oc-186">
         <name>.econst:.string:__ctypes_</name>
         <load_address>0x3f5bc0</load_address>
         <run_address>0x3f5bc0</run_address>
         <size>0x101</size>
         <input_file_ref idref="fl-26"/>
      </object_component>
      <object_component id="oc-11c">
         <name>.econst:.string</name>
         <load_address>0x3f5cc2</load_address>
         <run_address>0x3f5cc2</run_address>
         <size>0x24</size>
         <input_file_ref idref="fl-22"/>
      </object_component>
      <object_component id="oc-89">
         <name>.econst:.string</name>
         <load_address>0x3f5ce6</load_address>
         <run_address>0x3f5ce6</run_address>
         <size>0x1c</size>
         <input_file_ref idref="fl-5"/>
      </object_component>
      <object_component id="oc-11b">
         <name>.econst</name>
         <load_address>0x3f5d02</load_address>
         <run_address>0x3f5d02</run_address>
         <size>0x18</size>
         <input_file_ref idref="fl-22"/>
      </object_component>
      <object_component id="oc-fe">
         <name>.econst:.string</name>
         <load_address>0x3f5d1a</load_address>
         <run_address>0x3f5d1a</run_address>
         <size>0x2</size>
         <input_file_ref idref="fl-1d"/>
      </object_component>
      <object_component id="oc-95">
         <name>.reset</name>
         <load_address>0x3fffc0</load_address>
         <run_address>0x3fffc0</run_address>
         <size>0x2</size>
         <input_file_ref idref="fl-a"/>
      </object_component>
      <object_component id="oc-4a">
         <name>.debug_info</name>
         <load_address>0x0</load_address>
         <run_address>0x0</run_address>
         <size>0x14f31</size>
         <input_file_ref idref="fl-3"/>
      </object_component>
      <object_component id="oc-82">
         <name>.debug_info</name>
         <load_address>0x14f31</load_address>
         <run_address>0x14f31</run_address>
         <size>0x1fa</size>
         <input_file_ref idref="fl-4"/>
      </object_component>
      <object_component id="oc-86">
         <name>.debug_info</name>
         <load_address>0x1512b</load_address>
         <run_address>0x1512b</run_address>
         <size>0x55fa</size>
         <input_file_ref idref="fl-5"/>
      </object_component>
      <object_component id="oc-8e">
         <name>.debug_info</name>
         <load_address>0x1a725</load_address>
         <run_address>0x1a725</run_address>
         <size>0x4845</size>
         <input_file_ref idref="fl-6"/>
      </object_component>
      <object_component id="oc-96">
         <name>.debug_info</name>
         <load_address>0x1ef6a</load_address>
         <run_address>0x1ef6a</run_address>
         <size>0xde</size>
         <input_file_ref idref="fl-a"/>
      </object_component>
      <object_component id="oc-9a">
         <name>.debug_info</name>
         <load_address>0x1f048</load_address>
         <run_address>0x1f048</run_address>
         <size>0x3d6</size>
         <input_file_ref idref="fl-b"/>
      </object_component>
      <object_component id="oc-a1">
         <name>.debug_info</name>
         <load_address>0x1f41e</load_address>
         <run_address>0x1f41e</run_address>
         <size>0x52b</size>
         <input_file_ref idref="fl-c"/>
      </object_component>
      <object_component id="oc-a6">
         <name>.debug_info</name>
         <load_address>0x1f949</load_address>
         <run_address>0x1f949</run_address>
         <size>0x4cc</size>
         <input_file_ref idref="fl-d"/>
      </object_component>
      <object_component id="oc-ab">
         <name>.debug_info</name>
         <load_address>0x1fe15</load_address>
         <run_address>0x1fe15</run_address>
         <size>0x3fc</size>
         <input_file_ref idref="fl-e"/>
      </object_component>
      <object_component id="oc-b2">
         <name>.debug_info</name>
         <load_address>0x20211</load_address>
         <run_address>0x20211</run_address>
         <size>0x1254</size>
         <input_file_ref idref="fl-f"/>
      </object_component>
      <object_component id="oc-b9">
         <name>.debug_info</name>
         <load_address>0x21465</load_address>
         <run_address>0x21465</run_address>
         <size>0x630</size>
         <input_file_ref idref="fl-10"/>
      </object_component>
      <object_component id="oc-be">
         <name>.debug_info</name>
         <load_address>0x21a95</load_address>
         <run_address>0x21a95</run_address>
         <size>0x510</size>
         <input_file_ref idref="fl-11"/>
      </object_component>
      <object_component id="oc-c3">
         <name>.debug_info</name>
         <load_address>0x21fa5</load_address>
         <run_address>0x21fa5</run_address>
         <size>0x38b</size>
         <input_file_ref idref="fl-12"/>
      </object_component>
      <object_component id="oc-c8">
         <name>.debug_info</name>
         <load_address>0x22330</load_address>
         <run_address>0x22330</run_address>
         <size>0x37d</size>
         <input_file_ref idref="fl-13"/>
      </object_component>
      <object_component id="oc-cd">
         <name>.debug_info</name>
         <load_address>0x226ad</load_address>
         <run_address>0x226ad</run_address>
         <size>0x3a9</size>
         <input_file_ref idref="fl-14"/>
      </object_component>
      <object_component id="oc-d2">
         <name>.debug_info</name>
         <load_address>0x22a56</load_address>
         <run_address>0x22a56</run_address>
         <size>0xd72</size>
         <input_file_ref idref="fl-15"/>
      </object_component>
      <object_component id="oc-d8">
         <name>.debug_info</name>
         <load_address>0x237c8</load_address>
         <run_address>0x237c8</run_address>
         <size>0x4b5</size>
         <input_file_ref idref="fl-16"/>
      </object_component>
      <object_component id="oc-de">
         <name>.debug_info</name>
         <load_address>0x23c7d</load_address>
         <run_address>0x23c7d</run_address>
         <size>0x3bd</size>
         <input_file_ref idref="fl-17"/>
      </object_component>
      <object_component id="oc-e3">
         <name>.debug_info</name>
         <load_address>0x2403a</load_address>
         <run_address>0x2403a</run_address>
         <size>0x4e6</size>
         <input_file_ref idref="fl-18"/>
      </object_component>
      <object_component id="oc-e7">
         <name>.debug_info</name>
         <load_address>0x24520</load_address>
         <run_address>0x24520</run_address>
         <size>0x3a7</size>
         <input_file_ref idref="fl-19"/>
      </object_component>
      <object_component id="oc-ec">
         <name>.debug_info</name>
         <load_address>0x248c7</load_address>
         <run_address>0x248c7</run_address>
         <size>0x543</size>
         <input_file_ref idref="fl-1a"/>
      </object_component>
      <object_component id="oc-f1">
         <name>.debug_info</name>
         <load_address>0x24e0a</load_address>
         <run_address>0x24e0a</run_address>
         <size>0x850</size>
         <input_file_ref idref="fl-1b"/>
      </object_component>
      <object_component id="oc-f8">
         <name>.debug_info</name>
         <load_address>0x2565a</load_address>
         <run_address>0x2565a</run_address>
         <size>0x566</size>
         <input_file_ref idref="fl-1c"/>
      </object_component>
      <object_component id="oc-fd">
         <name>.debug_info</name>
         <load_address>0x25bc0</load_address>
         <run_address>0x25bc0</run_address>
         <size>0x71d</size>
         <input_file_ref idref="fl-1d"/>
      </object_component>
      <object_component id="oc-103">
         <name>.debug_info</name>
         <load_address>0x262dd</load_address>
         <run_address>0x262dd</run_address>
         <size>0x4ba</size>
         <input_file_ref idref="fl-1e"/>
      </object_component>
      <object_component id="oc-108">
         <name>.debug_info</name>
         <load_address>0x26797</load_address>
         <run_address>0x26797</run_address>
         <size>0x398</size>
         <input_file_ref idref="fl-1f"/>
      </object_component>
      <object_component id="oc-10d">
         <name>.debug_info</name>
         <load_address>0x26b2f</load_address>
         <run_address>0x26b2f</run_address>
         <size>0x3a3</size>
         <input_file_ref idref="fl-20"/>
      </object_component>
      <object_component id="oc-112">
         <name>.debug_info</name>
         <load_address>0x26ed2</load_address>
         <run_address>0x26ed2</run_address>
         <size>0x9f7</size>
         <input_file_ref idref="fl-21"/>
      </object_component>
      <object_component id="oc-11a">
         <name>.debug_info</name>
         <load_address>0x278c9</load_address>
         <run_address>0x278c9</run_address>
         <size>0x1e9a</size>
         <input_file_ref idref="fl-22"/>
      </object_component>
      <object_component id="oc-121">
         <name>.debug_info</name>
         <load_address>0x29763</load_address>
         <run_address>0x29763</run_address>
         <size>0x381</size>
         <input_file_ref idref="fl-23"/>
      </object_component>
      <object_component id="oc-126">
         <name>.debug_info</name>
         <load_address>0x29ae4</load_address>
         <run_address>0x29ae4</run_address>
         <size>0x366</size>
         <input_file_ref idref="fl-24"/>
      </object_component>
      <object_component id="oc-12b">
         <name>.debug_info</name>
         <load_address>0x29e4a</load_address>
         <run_address>0x29e4a</run_address>
         <size>0x34f</size>
         <input_file_ref idref="fl-25"/>
      </object_component>
      <object_component id="oc-12f">
         <name>.debug_info</name>
         <load_address>0x2a199</load_address>
         <run_address>0x2a199</run_address>
         <size>0x2c0</size>
         <input_file_ref idref="fl-26"/>
      </object_component>
      <object_component id="oc-132">
         <name>.debug_info</name>
         <load_address>0x2a459</load_address>
         <run_address>0x2a459</run_address>
         <size>0x5cb</size>
         <input_file_ref idref="fl-27"/>
      </object_component>
      <object_component id="oc-137">
         <name>.debug_info</name>
         <load_address>0x2aa24</load_address>
         <run_address>0x2aa24</run_address>
         <size>0xcc</size>
         <input_file_ref idref="fl-28"/>
      </object_component>
      <object_component id="oc-13b">
         <name>.debug_info</name>
         <load_address>0x2aaf0</load_address>
         <run_address>0x2aaf0</run_address>
         <size>0xc0</size>
         <input_file_ref idref="fl-29"/>
      </object_component>
      <object_component id="oc-13f">
         <name>.debug_info</name>
         <load_address>0x2abb0</load_address>
         <run_address>0x2abb0</run_address>
         <size>0xc0</size>
         <input_file_ref idref="fl-2a"/>
      </object_component>
      <object_component id="oc-143">
         <name>.debug_info</name>
         <load_address>0x2ac70</load_address>
         <run_address>0x2ac70</run_address>
         <size>0xc0</size>
         <input_file_ref idref="fl-2b"/>
      </object_component>
      <object_component id="oc-147">
         <name>.debug_info</name>
         <load_address>0x2ad30</load_address>
         <run_address>0x2ad30</run_address>
         <size>0xce</size>
         <input_file_ref idref="fl-2c"/>
      </object_component>
      <object_component id="oc-14b">
         <name>.debug_info</name>
         <load_address>0x2adfe</load_address>
         <run_address>0x2adfe</run_address>
         <size>0xc0</size>
         <input_file_ref idref="fl-2d"/>
      </object_component>
      <object_component id="oc-14f">
         <name>.debug_info</name>
         <load_address>0x2aebe</load_address>
         <run_address>0x2aebe</run_address>
         <size>0xc0</size>
         <input_file_ref idref="fl-2e"/>
      </object_component>
      <object_component id="oc-153">
         <name>.debug_info</name>
         <load_address>0x2af7e</load_address>
         <run_address>0x2af7e</run_address>
         <size>0xc3</size>
         <input_file_ref idref="fl-2f"/>
      </object_component>
      <object_component id="oc-157">
         <name>.debug_info</name>
         <load_address>0x2b041</load_address>
         <run_address>0x2b041</run_address>
         <size>0x11e</size>
         <input_file_ref idref="fl-30"/>
      </object_component>
      <object_component id="oc-15b">
         <name>.debug_info</name>
         <load_address>0x2b15f</load_address>
         <run_address>0x2b15f</run_address>
         <size>0xf8</size>
         <input_file_ref idref="fl-31"/>
      </object_component>
      <object_component id="oc-15f">
         <name>.debug_info</name>
         <load_address>0x2b257</load_address>
         <run_address>0x2b257</run_address>
         <size>0x1c1</size>
         <input_file_ref idref="fl-32"/>
      </object_component>
      <object_component id="oc-163">
         <name>.debug_info</name>
         <load_address>0x2b418</load_address>
         <run_address>0x2b418</run_address>
         <size>0xc0</size>
         <input_file_ref idref="fl-33"/>
      </object_component>
      <object_component id="oc-167">
         <name>.debug_info</name>
         <load_address>0x2b4d8</load_address>
         <run_address>0x2b4d8</run_address>
         <size>0x3f5</size>
         <input_file_ref idref="fl-34"/>
      </object_component>
      <object_component id="oc-16c">
         <name>.debug_info</name>
         <load_address>0x2b8cd</load_address>
         <run_address>0x2b8cd</run_address>
         <size>0xc0</size>
         <input_file_ref idref="fl-35"/>
      </object_component>
      <object_component id="oc-170">
         <name>.debug_info</name>
         <load_address>0x2b98d</load_address>
         <run_address>0x2b98d</run_address>
         <size>0x370</size>
         <input_file_ref idref="fl-36"/>
      </object_component>
      <object_component id="oc-175">
         <name>.debug_info</name>
         <load_address>0x2bcfd</load_address>
         <run_address>0x2bcfd</run_address>
         <size>0x39a</size>
         <input_file_ref idref="fl-37"/>
      </object_component>
      <object_component id="oc-17a">
         <name>.debug_info</name>
         <load_address>0x2c097</load_address>
         <run_address>0x2c097</run_address>
         <size>0x337</size>
         <input_file_ref idref="fl-38"/>
      </object_component>
      <object_component id="oc-17f">
         <name>.debug_info</name>
         <load_address>0x2c3ce</load_address>
         <run_address>0x2c3ce</run_address>
         <size>0xc0</size>
         <input_file_ref idref="fl-39"/>
      </object_component>
      <object_component id="oc-183">
         <name>.debug_info</name>
         <load_address>0x2c48e</load_address>
         <run_address>0x2c48e</run_address>
         <size>0x14b</size>
         <input_file_ref idref="fl-3a"/>
      </object_component>
      <object_component id="oc-1db">
         <name>.debug_info</name>
         <load_address>0x2c5d9</load_address>
         <run_address>0x2c5d9</run_address>
         <size>0x6f</size>
      </object_component>
      <object_component id="oc-7f">
         <name>.debug_abbrev</name>
         <load_address>0x0</load_address>
         <run_address>0x0</run_address>
         <size>0xb3</size>
         <input_file_ref idref="fl-3"/>
      </object_component>
      <object_component id="oc-84">
         <name>.debug_abbrev</name>
         <load_address>0xb3</load_address>
         <run_address>0xb3</run_address>
         <size>0x20</size>
         <input_file_ref idref="fl-4"/>
      </object_component>
      <object_component id="oc-8c">
         <name>.debug_abbrev</name>
         <load_address>0xd3</load_address>
         <run_address>0xd3</run_address>
         <size>0x1a9</size>
         <input_file_ref idref="fl-5"/>
      </object_component>
      <object_component id="oc-93">
         <name>.debug_abbrev</name>
         <load_address>0x27c</load_address>
         <run_address>0x27c</run_address>
         <size>0x16c</size>
         <input_file_ref idref="fl-6"/>
      </object_component>
      <object_component id="oc-98">
         <name>.debug_abbrev</name>
         <load_address>0x3e8</load_address>
         <run_address>0x3e8</run_address>
         <size>0x43</size>
         <input_file_ref idref="fl-a"/>
      </object_component>
      <object_component id="oc-9f">
         <name>.debug_abbrev</name>
         <load_address>0x42b</load_address>
         <run_address>0x42b</run_address>
         <size>0x10c</size>
         <input_file_ref idref="fl-b"/>
      </object_component>
      <object_component id="oc-a4">
         <name>.debug_abbrev</name>
         <load_address>0x537</load_address>
         <run_address>0x537</run_address>
         <size>0x121</size>
         <input_file_ref idref="fl-c"/>
      </object_component>
      <object_component id="oc-a9">
         <name>.debug_abbrev</name>
         <load_address>0x658</load_address>
         <run_address>0x658</run_address>
         <size>0xdb</size>
         <input_file_ref idref="fl-d"/>
      </object_component>
      <object_component id="oc-b0">
         <name>.debug_abbrev</name>
         <load_address>0x733</load_address>
         <run_address>0x733</run_address>
         <size>0xa9</size>
         <input_file_ref idref="fl-e"/>
      </object_component>
      <object_component id="oc-b7">
         <name>.debug_abbrev</name>
         <load_address>0x7dc</load_address>
         <run_address>0x7dc</run_address>
         <size>0x1a1</size>
         <input_file_ref idref="fl-f"/>
      </object_component>
      <object_component id="oc-bc">
         <name>.debug_abbrev</name>
         <load_address>0x97d</load_address>
         <run_address>0x97d</run_address>
         <size>0x150</size>
         <input_file_ref idref="fl-10"/>
      </object_component>
      <object_component id="oc-c1">
         <name>.debug_abbrev</name>
         <load_address>0xacd</load_address>
         <run_address>0xacd</run_address>
         <size>0x124</size>
         <input_file_ref idref="fl-11"/>
      </object_component>
      <object_component id="oc-c6">
         <name>.debug_abbrev</name>
         <load_address>0xbf1</load_address>
         <run_address>0xbf1</run_address>
         <size>0x94</size>
         <input_file_ref idref="fl-12"/>
      </object_component>
      <object_component id="oc-cb">
         <name>.debug_abbrev</name>
         <load_address>0xc85</load_address>
         <run_address>0xc85</run_address>
         <size>0x94</size>
         <input_file_ref idref="fl-13"/>
      </object_component>
      <object_component id="oc-d0">
         <name>.debug_abbrev</name>
         <load_address>0xd19</load_address>
         <run_address>0xd19</run_address>
         <size>0x9f</size>
         <input_file_ref idref="fl-14"/>
      </object_component>
      <object_component id="oc-d6">
         <name>.debug_abbrev</name>
         <load_address>0xdb8</load_address>
         <run_address>0xdb8</run_address>
         <size>0x15e</size>
         <input_file_ref idref="fl-15"/>
      </object_component>
      <object_component id="oc-dc">
         <name>.debug_abbrev</name>
         <load_address>0xf16</load_address>
         <run_address>0xf16</run_address>
         <size>0xbb</size>
         <input_file_ref idref="fl-16"/>
      </object_component>
      <object_component id="oc-e1">
         <name>.debug_abbrev</name>
         <load_address>0xfd1</load_address>
         <run_address>0xfd1</run_address>
         <size>0xed</size>
         <input_file_ref idref="fl-17"/>
      </object_component>
      <object_component id="oc-e6">
         <name>.debug_abbrev</name>
         <load_address>0x10be</load_address>
         <run_address>0x10be</run_address>
         <size>0x111</size>
         <input_file_ref idref="fl-18"/>
      </object_component>
      <object_component id="oc-ea">
         <name>.debug_abbrev</name>
         <load_address>0x11cf</load_address>
         <run_address>0x11cf</run_address>
         <size>0x74</size>
         <input_file_ref idref="fl-19"/>
      </object_component>
      <object_component id="oc-ef">
         <name>.debug_abbrev</name>
         <load_address>0x1243</load_address>
         <run_address>0x1243</run_address>
         <size>0x113</size>
         <input_file_ref idref="fl-1a"/>
      </object_component>
      <object_component id="oc-f6">
         <name>.debug_abbrev</name>
         <load_address>0x1356</load_address>
         <run_address>0x1356</run_address>
         <size>0x192</size>
         <input_file_ref idref="fl-1b"/>
      </object_component>
      <object_component id="oc-fb">
         <name>.debug_abbrev</name>
         <load_address>0x14e8</load_address>
         <run_address>0x14e8</run_address>
         <size>0x113</size>
         <input_file_ref idref="fl-1c"/>
      </object_component>
      <object_component id="oc-101">
         <name>.debug_abbrev</name>
         <load_address>0x15fb</load_address>
         <run_address>0x15fb</run_address>
         <size>0x121</size>
         <input_file_ref idref="fl-1d"/>
      </object_component>
      <object_component id="oc-106">
         <name>.debug_abbrev</name>
         <load_address>0x171c</load_address>
         <run_address>0x171c</run_address>
         <size>0x101</size>
         <input_file_ref idref="fl-1e"/>
      </object_component>
      <object_component id="oc-10b">
         <name>.debug_abbrev</name>
         <load_address>0x181d</load_address>
         <run_address>0x181d</run_address>
         <size>0xad</size>
         <input_file_ref idref="fl-1f"/>
      </object_component>
      <object_component id="oc-110">
         <name>.debug_abbrev</name>
         <load_address>0x18ca</load_address>
         <run_address>0x18ca</run_address>
         <size>0xa6</size>
         <input_file_ref idref="fl-20"/>
      </object_component>
      <object_component id="oc-118">
         <name>.debug_abbrev</name>
         <load_address>0x1970</load_address>
         <run_address>0x1970</run_address>
         <size>0x1ad</size>
         <input_file_ref idref="fl-21"/>
      </object_component>
      <object_component id="oc-11f">
         <name>.debug_abbrev</name>
         <load_address>0x1b1d</load_address>
         <run_address>0x1b1d</run_address>
         <size>0x16c</size>
         <input_file_ref idref="fl-22"/>
      </object_component>
      <object_component id="oc-124">
         <name>.debug_abbrev</name>
         <load_address>0x1c89</load_address>
         <run_address>0x1c89</run_address>
         <size>0x94</size>
         <input_file_ref idref="fl-23"/>
      </object_component>
      <object_component id="oc-129">
         <name>.debug_abbrev</name>
         <load_address>0x1d1d</load_address>
         <run_address>0x1d1d</run_address>
         <size>0x9f</size>
         <input_file_ref idref="fl-24"/>
      </object_component>
      <object_component id="oc-12e">
         <name>.debug_abbrev</name>
         <load_address>0x1dbc</load_address>
         <run_address>0x1dbc</run_address>
         <size>0xb2</size>
         <input_file_ref idref="fl-25"/>
      </object_component>
      <object_component id="oc-130">
         <name>.debug_abbrev</name>
         <load_address>0x1e6e</load_address>
         <run_address>0x1e6e</run_address>
         <size>0x59</size>
         <input_file_ref idref="fl-26"/>
      </object_component>
      <object_component id="oc-135">
         <name>.debug_abbrev</name>
         <load_address>0x1ec7</load_address>
         <run_address>0x1ec7</run_address>
         <size>0x128</size>
         <input_file_ref idref="fl-27"/>
      </object_component>
      <object_component id="oc-139">
         <name>.debug_abbrev</name>
         <load_address>0x1fef</load_address>
         <run_address>0x1fef</run_address>
         <size>0x35</size>
         <input_file_ref idref="fl-28"/>
      </object_component>
      <object_component id="oc-13d">
         <name>.debug_abbrev</name>
         <load_address>0x2024</load_address>
         <run_address>0x2024</run_address>
         <size>0x35</size>
         <input_file_ref idref="fl-29"/>
      </object_component>
      <object_component id="oc-141">
         <name>.debug_abbrev</name>
         <load_address>0x2059</load_address>
         <run_address>0x2059</run_address>
         <size>0x35</size>
         <input_file_ref idref="fl-2a"/>
      </object_component>
      <object_component id="oc-145">
         <name>.debug_abbrev</name>
         <load_address>0x208e</load_address>
         <run_address>0x208e</run_address>
         <size>0x35</size>
         <input_file_ref idref="fl-2b"/>
      </object_component>
      <object_component id="oc-149">
         <name>.debug_abbrev</name>
         <load_address>0x20c3</load_address>
         <run_address>0x20c3</run_address>
         <size>0x43</size>
         <input_file_ref idref="fl-2c"/>
      </object_component>
      <object_component id="oc-14d">
         <name>.debug_abbrev</name>
         <load_address>0x2106</load_address>
         <run_address>0x2106</run_address>
         <size>0x35</size>
         <input_file_ref idref="fl-2d"/>
      </object_component>
      <object_component id="oc-151">
         <name>.debug_abbrev</name>
         <load_address>0x213b</load_address>
         <run_address>0x213b</run_address>
         <size>0x35</size>
         <input_file_ref idref="fl-2e"/>
      </object_component>
      <object_component id="oc-155">
         <name>.debug_abbrev</name>
         <load_address>0x2170</load_address>
         <run_address>0x2170</run_address>
         <size>0x35</size>
         <input_file_ref idref="fl-2f"/>
      </object_component>
      <object_component id="oc-159">
         <name>.debug_abbrev</name>
         <load_address>0x21a5</load_address>
         <run_address>0x21a5</run_address>
         <size>0x35</size>
         <input_file_ref idref="fl-30"/>
      </object_component>
      <object_component id="oc-15d">
         <name>.debug_abbrev</name>
         <load_address>0x21da</load_address>
         <run_address>0x21da</run_address>
         <size>0x35</size>
         <input_file_ref idref="fl-31"/>
      </object_component>
      <object_component id="oc-161">
         <name>.debug_abbrev</name>
         <load_address>0x220f</load_address>
         <run_address>0x220f</run_address>
         <size>0x59</size>
         <input_file_ref idref="fl-32"/>
      </object_component>
      <object_component id="oc-165">
         <name>.debug_abbrev</name>
         <load_address>0x2268</load_address>
         <run_address>0x2268</run_address>
         <size>0x35</size>
         <input_file_ref idref="fl-33"/>
      </object_component>
      <object_component id="oc-16a">
         <name>.debug_abbrev</name>
         <load_address>0x229d</load_address>
         <run_address>0x229d</run_address>
         <size>0xd9</size>
         <input_file_ref idref="fl-34"/>
      </object_component>
      <object_component id="oc-16e">
         <name>.debug_abbrev</name>
         <load_address>0x2376</load_address>
         <run_address>0x2376</run_address>
         <size>0x35</size>
         <input_file_ref idref="fl-35"/>
      </object_component>
      <object_component id="oc-173">
         <name>.debug_abbrev</name>
         <load_address>0x23ab</load_address>
         <run_address>0x23ab</run_address>
         <size>0x94</size>
         <input_file_ref idref="fl-36"/>
      </object_component>
      <object_component id="oc-178">
         <name>.debug_abbrev</name>
         <load_address>0x243f</load_address>
         <run_address>0x243f</run_address>
         <size>0xa6</size>
         <input_file_ref idref="fl-37"/>
      </object_component>
      <object_component id="oc-17d">
         <name>.debug_abbrev</name>
         <load_address>0x24e5</load_address>
         <run_address>0x24e5</run_address>
         <size>0xb9</size>
         <input_file_ref idref="fl-38"/>
      </object_component>
      <object_component id="oc-181">
         <name>.debug_abbrev</name>
         <load_address>0x259e</load_address>
         <run_address>0x259e</run_address>
         <size>0x35</size>
         <input_file_ref idref="fl-39"/>
      </object_component>
      <object_component id="oc-185">
         <name>.debug_abbrev</name>
         <load_address>0x25d3</load_address>
         <run_address>0x25d3</run_address>
         <size>0x35</size>
         <input_file_ref idref="fl-3a"/>
      </object_component>
      <object_component id="oc-1dc">
         <name>.debug_abbrev</name>
         <load_address>0x2608</load_address>
         <run_address>0x2608</run_address>
         <size>0xd</size>
      </object_component>
      <object_component id="oc-83">
         <name>.debug_line</name>
         <load_address>0x0</load_address>
         <run_address>0x0</run_address>
         <size>0x9c</size>
         <input_file_ref idref="fl-4"/>
      </object_component>
      <object_component id="oc-8b">
         <name>.debug_line</name>
         <load_address>0x9c</load_address>
         <run_address>0x9c</run_address>
         <size>0x119</size>
         <input_file_ref idref="fl-5"/>
      </object_component>
      <object_component id="oc-92">
         <name>.debug_line</name>
         <load_address>0x1b5</load_address>
         <run_address>0x1b5</run_address>
         <size>0x1d8</size>
         <input_file_ref idref="fl-6"/>
      </object_component>
      <object_component id="oc-97">
         <name>.debug_line</name>
         <load_address>0x38d</load_address>
         <run_address>0x38d</run_address>
         <size>0x70</size>
         <input_file_ref idref="fl-a"/>
      </object_component>
      <object_component id="oc-9e">
         <name>.debug_line</name>
         <load_address>0x3fd</load_address>
         <run_address>0x3fd</run_address>
         <size>0x5a</size>
         <input_file_ref idref="fl-b"/>
      </object_component>
      <object_component id="oc-a3">
         <name>.debug_line</name>
         <load_address>0x457</load_address>
         <run_address>0x457</run_address>
         <size>0x8f</size>
         <input_file_ref idref="fl-c"/>
      </object_component>
      <object_component id="oc-a8">
         <name>.debug_line</name>
         <load_address>0x4e6</load_address>
         <run_address>0x4e6</run_address>
         <size>0x96</size>
         <input_file_ref idref="fl-d"/>
      </object_component>
      <object_component id="oc-af">
         <name>.debug_line</name>
         <load_address>0x57c</load_address>
         <run_address>0x57c</run_address>
         <size>0x5b</size>
         <input_file_ref idref="fl-e"/>
      </object_component>
      <object_component id="oc-b6">
         <name>.debug_line</name>
         <load_address>0x5d7</load_address>
         <run_address>0x5d7</run_address>
         <size>0x277</size>
         <input_file_ref idref="fl-f"/>
      </object_component>
      <object_component id="oc-bb">
         <name>.debug_line</name>
         <load_address>0x84e</load_address>
         <run_address>0x84e</run_address>
         <size>0x7f</size>
         <input_file_ref idref="fl-10"/>
      </object_component>
      <object_component id="oc-c0">
         <name>.debug_line</name>
         <load_address>0x8cd</load_address>
         <run_address>0x8cd</run_address>
         <size>0x8f</size>
         <input_file_ref idref="fl-11"/>
      </object_component>
      <object_component id="oc-c5">
         <name>.debug_line</name>
         <load_address>0x95c</load_address>
         <run_address>0x95c</run_address>
         <size>0x5e</size>
         <input_file_ref idref="fl-12"/>
      </object_component>
      <object_component id="oc-ca">
         <name>.debug_line</name>
         <load_address>0x9ba</load_address>
         <run_address>0x9ba</run_address>
         <size>0x5e</size>
         <input_file_ref idref="fl-13"/>
      </object_component>
      <object_component id="oc-cf">
         <name>.debug_line</name>
         <load_address>0xa18</load_address>
         <run_address>0xa18</run_address>
         <size>0x67</size>
         <input_file_ref idref="fl-14"/>
      </object_component>
      <object_component id="oc-d5">
         <name>.debug_line</name>
         <load_address>0xa7f</load_address>
         <run_address>0xa7f</run_address>
         <size>0x1df</size>
         <input_file_ref idref="fl-15"/>
      </object_component>
      <object_component id="oc-db">
         <name>.debug_line</name>
         <load_address>0xc5e</load_address>
         <run_address>0xc5e</run_address>
         <size>0xac</size>
         <input_file_ref idref="fl-16"/>
      </object_component>
      <object_component id="oc-e0">
         <name>.debug_line</name>
         <load_address>0xd0a</load_address>
         <run_address>0xd0a</run_address>
         <size>0x56</size>
         <input_file_ref idref="fl-17"/>
      </object_component>
      <object_component id="oc-e5">
         <name>.debug_line</name>
         <load_address>0xd60</load_address>
         <run_address>0xd60</run_address>
         <size>0x6e</size>
         <input_file_ref idref="fl-18"/>
      </object_component>
      <object_component id="oc-ee">
         <name>.debug_line</name>
         <load_address>0xdce</load_address>
         <run_address>0xdce</run_address>
         <size>0xa1</size>
         <input_file_ref idref="fl-1a"/>
      </object_component>
      <object_component id="oc-f5">
         <name>.debug_line</name>
         <load_address>0xe6f</load_address>
         <run_address>0xe6f</run_address>
         <size>0x12c</size>
         <input_file_ref idref="fl-1b"/>
      </object_component>
      <object_component id="oc-fa">
         <name>.debug_line</name>
         <load_address>0xf9b</load_address>
         <run_address>0xf9b</run_address>
         <size>0x70</size>
         <input_file_ref idref="fl-1c"/>
      </object_component>
      <object_component id="oc-100">
         <name>.debug_line</name>
         <load_address>0x100b</load_address>
         <run_address>0x100b</run_address>
         <size>0xc4</size>
         <input_file_ref idref="fl-1d"/>
      </object_component>
      <object_component id="oc-105">
         <name>.debug_line</name>
         <load_address>0x10cf</load_address>
         <run_address>0x10cf</run_address>
         <size>0x54</size>
         <input_file_ref idref="fl-1e"/>
      </object_component>
      <object_component id="oc-10a">
         <name>.debug_line</name>
         <load_address>0x1123</load_address>
         <run_address>0x1123</run_address>
         <size>0x63</size>
         <input_file_ref idref="fl-1f"/>
      </object_component>
      <object_component id="oc-10f">
         <name>.debug_line</name>
         <load_address>0x1186</load_address>
         <run_address>0x1186</run_address>
         <size>0x59</size>
         <input_file_ref idref="fl-20"/>
      </object_component>
      <object_component id="oc-117">
         <name>.debug_line</name>
         <load_address>0x11df</load_address>
         <run_address>0x11df</run_address>
         <size>0x2a7</size>
         <input_file_ref idref="fl-21"/>
      </object_component>
      <object_component id="oc-11e">
         <name>.debug_line</name>
         <load_address>0x1486</load_address>
         <run_address>0x1486</run_address>
         <size>0x878</size>
         <input_file_ref idref="fl-22"/>
      </object_component>
      <object_component id="oc-123">
         <name>.debug_line</name>
         <load_address>0x1cfe</load_address>
         <run_address>0x1cfe</run_address>
         <size>0x57</size>
         <input_file_ref idref="fl-23"/>
      </object_component>
      <object_component id="oc-128">
         <name>.debug_line</name>
         <load_address>0x1d55</load_address>
         <run_address>0x1d55</run_address>
         <size>0x5a</size>
         <input_file_ref idref="fl-24"/>
      </object_component>
      <object_component id="oc-12d">
         <name>.debug_line</name>
         <load_address>0x1daf</load_address>
         <run_address>0x1daf</run_address>
         <size>0x66</size>
         <input_file_ref idref="fl-25"/>
      </object_component>
      <object_component id="oc-134">
         <name>.debug_line</name>
         <load_address>0x1e15</load_address>
         <run_address>0x1e15</run_address>
         <size>0x8d</size>
         <input_file_ref idref="fl-27"/>
      </object_component>
      <object_component id="oc-138">
         <name>.debug_line</name>
         <load_address>0x1ea2</load_address>
         <run_address>0x1ea2</run_address>
         <size>0x5d</size>
         <input_file_ref idref="fl-28"/>
      </object_component>
      <object_component id="oc-13c">
         <name>.debug_line</name>
         <load_address>0x1eff</load_address>
         <run_address>0x1eff</run_address>
         <size>0xb0</size>
         <input_file_ref idref="fl-29"/>
      </object_component>
      <object_component id="oc-140">
         <name>.debug_line</name>
[...]
      <symbol id="sm-142">
         <name>_ECap3Regs</name>
         <value>0x6a40</value>
         <object_component_ref idref="oc-65"/>
      </symbol>
      <symbol id="sm-143">
         <name>_NmiIntruptRegs</name>
         <value>0x7060</value>
         <object_component_ref idref="oc-5b"/>
      </symbol>
      <symbol id="sm-144">
         <name>_ECanaMOTORegs</name>
         <value>0x60c0</value>
         <object_component_ref idref="oc-6e"/>
      </symbol>
      <symbol id="sm-145">
         <name>_Flash_CallbackPtr</name>
         <value>0xd02</value>
         <object_component_ref idref="oc-4e"/>
      </symbol>
      <symbol id="sm-146">
         <name>_EPwm3Regs</name>
         <value>0x6880</value>
         <object_component_ref idref="oc-78"/>
      </symbol>
      <symbol id="sm-147">
         <name>_I2caRegs</name>
         <value>0x7900</value>
         <object_component_ref idref="oc-68"/>
      </symbol>
      <symbol id="sm-152">
         <name>code_start</name>
         <value>0x3f7ff6</value>
         <object_component_ref idref="oc-81"/>
      </symbol>
      <symbol id="sm-169">
         <name>_main</name>
         <value>0x3f501e</value>
         <object_component_ref idref="oc-85"/>
      </symbol>
      <symbol id="sm-16a">
         <name>_duty_cycle_A</name>
         <value>0x8d79</value>
         <object_component_ref idref="oc-88"/>
      </symbol>
      <symbol id="sm-16b">
         <name>_sleepFunc</name>
         <value>0x3f50c7</value>
         <object_component_ref idref="oc-85"/>
      </symbol>
      <symbol id="sm-16c">
         <name>_test</name>
         <value>0x3f510b</value>
         <object_component_ref idref="oc-85"/>
      </symbol>
      <symbol id="sm-16d">
         <name>_restart</name>
         <value>0x3f50d1</value>
         <object_component_ref idref="oc-85"/>
      </symbol>
      <symbol id="sm-16e">
         <name>_dac_value</name>
         <value>0x8d78</value>
         <object_component_ref idref="oc-88"/>
      </symbol>
      <symbol id="sm-185">
         <name>_DeviceInit</name>
         <value>0x3f4eb4</value>
         <object_component_ref idref="oc-8d"/>
      </symbol>
      <symbol id="sm-186">
         <name>_MemCopy</name>
         <value>0x3f5009</value>
         <object_component_ref idref="oc-8d"/>
      </symbol>
      <symbol id="sm-187">
         <name>_PieCntlInit</name>
         <value>0x3f4fce</value>
         <object_component_ref idref="oc-8d"/>
      </symbol>
      <symbol id="sm-188">
         <name>_WDogDisable</name>
         <value>0x3f4f90</value>
         <object_component_ref idref="oc-8d"/>
      </symbol>
      <symbol id="sm-189">
         <name>_PieVectTableInit</name>
         <value>0x3f4fed</value>
         <object_component_ref idref="oc-8d"/>
      </symbol>
      <symbol id="sm-18a">
         <name>_InitFlash</name>
         <value>0x8000</value>
         <object_component_ref idref="oc-90"/>
      </symbol>
      <symbol id="sm-18b">
         <name>_PLLset</name>
         <value>0x3f4f98</value>
         <object_component_ref idref="oc-8d"/>
      </symbol>
      <symbol id="sm-18c">
         <name>_ISR_ILLEGAL</name>
         <value>0x3f5bb3</value>
         <object_component_ref idref="oc-8f"/>
      </symbol>
      <symbol id="sm-1a0">
         <name>_c_int00</name>
         <value>0x3f58aa</value>
         <object_component_ref idref="oc-49"/>
      </symbol>
      <symbol id="sm-1a1">
         <name>__stack</name>
         <value>0x50</value>
         <object_component_ref idref="oc-94"/>
      </symbol>
      <symbol id="sm-1b2">
         <name>C$$EXIT</name>
         <value>0x3f5b00</value>
         <object_component_ref idref="oc-99"/>
      </symbol>
      <symbol id="sm-1b3">
         <name>_exit</name>
         <value>0x3f5b02</value>
         <object_component_ref idref="oc-99"/>
      </symbol>
      <symbol id="sm-1b4">
         <name>___TI_cleanup_ptr</name>
         <value>0x8d74</value>
         <object_component_ref idref="oc-9c"/>
      </symbol>
      <symbol id="sm-1b5">
         <name>_abort</name>
         <value>0x3f5b00</value>
         <object_component_ref idref="oc-99"/>
      </symbol>
      <symbol id="sm-1b6">
         <name>___TI_dtors_ptr</name>
         <value>0x8d76</value>
         <object_component_ref idref="oc-9c"/>
      </symbol>
      <symbol id="sm-1c7">
         <name>_getchar</name>
         <value>0x3f5855</value>
         <object_component_ref idref="oc-a0"/>
      </symbol>
      <symbol id="sm-1c8">
         <name>_getc</name>
         <value>0x3f580a</value>
         <object_component_ref idref="oc-a0"/>
      </symbol>
      <symbol id="sm-1c9">
         <name>_fgetc</name>
         <value>0x3f580a</value>
         <object_component_ref idref="oc-a0"/>
      </symbol>
      <symbol id="sm-1de">
         <name>___TI_rd_ok</name>
         <value>0x3f5731</value>
         <object_component_ref idref="oc-a5"/>
      </symbol>
      <symbol id="sm-1df">
         <name>___TI_wrt_ok</name>
         <value>0x3f56f7</value>
         <object_component_ref idref="oc-a5"/>
      </symbol>
      <symbol id="sm-1ed">
         <name>__unlock</name>
         <value>0x8d70</value>
         <object_component_ref idref="oc-ad"/>
      </symbol>
      <symbol id="sm-1ee">
         <name>__lock</name>
         <value>0x8d72</value>
         <object_component_ref idref="oc-ad"/>
      </symbol>
      <symbol id="sm-1ef">
         <name>__register_lock</name>
         <value>0x3f5b95</value>
         <object_component_ref idref="oc-aa"/>
      </symbol>
      <symbol id="sm-1f0">
         <name>__nop</name>
         <value>0x3f5b99</value>
         <object_component_ref idref="oc-aa"/>
      </symbol>
      <symbol id="sm-1f1">
         <name>__register_unlock</name>
         <value>0x3f5b91</value>
         <object_component_ref idref="oc-aa"/>
      </symbol>
      <symbol id="sm-226">
         <name>_add_device</name>
         <value>0x3f4a91</value>
         <object_component_ref idref="oc-b1"/>
      </symbol>
      <symbol id="sm-227">
         <name>_rename</name>
         <value>0x3f497a</value>
         <object_component_ref idref="oc-b1"/>
      </symbol>
      <symbol id="sm-228">
         <name>_read</name>
         <value>0x3f49bd</value>
         <object_component_ref idref="oc-b1"/>
      </symbol>
      <symbol id="sm-229">
         <name>_unlink</name>
         <value>0x3f4962</value>
         <object_component_ref idref="oc-b1"/>
      </symbol>
      <symbol id="sm-22a">
         <name>_remove_device</name>
         <value>0x3f49a3</value>
         <object_component_ref idref="oc-b1"/>
      </symbol>
      <symbol id="sm-22b">
         <name>_open</name>
         <value>0x3f49d5</value>
         <object_component_ref idref="oc-b1"/>
      </symbol>
      <symbol id="sm-22c">
         <name>_lseek</name>
         <value>0x3f4a47</value>
         <object_component_ref idref="oc-b1"/>
      </symbol>
      <symbol id="sm-22d">
         <name>_close</name>
         <value>0x3f4a5f</value>
         <object_component_ref idref="oc-b1"/>
      </symbol>
      <symbol id="sm-22e">
         <name>_write</name>
         <value>0x3f48fc</value>
         <object_component_ref idref="oc-b1"/>
      </symbol>
      <symbol id="sm-23c">
         <name>_printf</name>
         <value>0x3f5931</value>
         <object_component_ref idref="oc-b8"/>
      </symbol>
      <symbol id="sm-251">
         <name>_setvbuf</name>
         <value>0x3f5614</value>
         <object_component_ref idref="oc-bd"/>
      </symbol>
      <symbol id="sm-25e">
         <name>_strchr</name>
         <value>0x3f5b7c</value>
         <object_component_ref idref="oc-c2"/>
      </symbol>
      <symbol id="sm-26a">
         <name>_strcmp</name>
         <value>0x3f5b87</value>
         <object_component_ref idref="oc-c7"/>
      </symbol>
      <symbol id="sm-278">
         <name>_strncpy</name>
         <value>0x3f5a0e</value>
         <object_component_ref idref="oc-cc"/>
      </symbol>
      <symbol id="sm-289">
         <name>_HOSTopen</name>
         <value>0x3f4bf6</value>
         <object_component_ref idref="oc-d1"/>
      </symbol>
      <symbol id="sm-28a">
         <name>_HOSTread</name>
         <value>0x3f4bc0</value>
         <object_component_ref idref="oc-d1"/>
      </symbol>
      <symbol id="sm-28b">
         <name>_HOSTgetenv</name>
         <value>0x3f4c74</value>
         <object_component_ref idref="oc-d1"/>
      </symbol>
      <symbol id="sm-28c">
         <name>_HOSTtime</name>
         <value>0x3f4b58</value>
         <object_component_ref idref="oc-d1"/>
      </symbol>
      <symbol id="sm-28d">
         <name>_HOSTrename</name>
         <value>0x3f4b82</value>
         <object_component_ref idref="oc-d1"/>
      </symbol>
      <symbol id="sm-28e">
         <name>_HOSTclock</name>
         <value>0x3f4cc3</value>
         <object_component_ref idref="oc-d1"/>
      </symbol>
      <symbol id="sm-28f">
         <name>_HOSTwrite</name>
         <value>0x3f4afd</value>
         <object_component_ref idref="oc-d1"/>
      </symbol>
      <symbol id="sm-290">
         <name>_HOSTlseek</name>
         <value>0x3f4c2d</value>
         <object_component_ref idref="oc-d1"/>
      </symbol>
      <symbol id="sm-291">
         <name>_HOSTunlink</name>
         <value>0x3f4b33</value>
         <object_component_ref idref="oc-d1"/>
      </symbol>
      <symbol id="sm-292">
         <name>_HOSTclose</name>
         <value>0x3f4c9c</value>
         <object_component_ref idref="oc-d1"/>
      </symbol>
      <symbol id="sm-2a8">
         <name>___TI_readmsg</name>
         <value>0x3f54cc</value>
         <object_component_ref idref="oc-d7"/>
      </symbol>
      <symbol id="sm-2a9">
         <name>C$$IO$$</name>
         <value>0x3f54c8</value>
         <object_component_ref idref="oc-d7"/>
      </symbol>
      <symbol id="sm-2aa">
         <name>__CIOBUF_</name>
         <value>0x8e40</value>
         <object_component_ref idref="oc-d9"/>
      </symbol>
      <symbol id="sm-2ab">
         <name>___TI_writemsg</name>
         <value>0x3f5478</value>
         <object_component_ref idref="oc-d7"/>
      </symbol>
      <symbol id="sm-2b7">
         <name>__args_main</name>
         <value>0x3f5ae7</value>
         <object_component_ref idref="oc-dd"/>
      </symbol>
      <symbol id="sm-2b8">
         <name>__TI_args_main</name>
         <value>0x1</value>
      </symbol>
      <symbol id="sm-2c8">
         <name>___TI_buff_read</name>
         <value>0x3f57b7</value>
         <object_component_ref idref="oc-e2"/>
      </symbol>
      <symbol id="sm-2d2">
         <name>___TI_ft_end</name>
         <value>0x8c00</value>
         <object_component_ref idref="oc-e9"/>
      </symbol>
      <symbol id="sm-2d3">
         <name>___TI_tmpnams</name>
         <value>0x8cc0</value>
         <object_component_ref idref="oc-e9"/>
      </symbol>
      <symbol id="sm-2d4">
         <name>__ftable</name>
         <value>0x8c40</value>
         <object_component_ref idref="oc-e9"/>
      </symbol>
      <symbol id="sm-2e7">
         <name>___TI_doflush</name>
         <value>0x3f568c</value>
         <object_component_ref idref="oc-eb"/>
      </symbol>
      <symbol id="sm-2e8">
         <name>_fflush</name>
         <value>0x3f56bb</value>
         <object_component_ref idref="oc-eb"/>
      </symbol>
      <symbol id="sm-31b">
         <name>_fopen</name>
         <value>0x3f531d</value>
         <object_component_ref idref="oc-f0"/>
      </symbol>
      <symbol id="sm-31c">
         <name>___TI_cleanup</name>
         <value>0x3f52b0</value>
         <object_component_ref idref="oc-f0"/>
      </symbol>
      <symbol id="sm-31d">
         <name>_freopen</name>
         <value>0x3f52cd</value>
         <object_component_ref idref="oc-f0"/>
      </symbol>
      <symbol id="sm-32d">
         <name>_putchar</name>
         <value>0x3f58a5</value>
         <object_component_ref idref="oc-f7"/>
      </symbol>
      <symbol id="sm-32e">
         <name>_putc</name>
         <value>0x3f585a</value>
         <object_component_ref idref="oc-f7"/>
      </symbol>
      <symbol id="sm-32f">
         <name>_fputc</name>
         <value>0x3f585a</value>
         <object_component_ref idref="oc-f7"/>
      </symbol>
      <symbol id="sm-349">
         <name>_puts</name>
         <value>0x3f53ca</value>
         <object_component_ref idref="oc-fc"/>
      </symbol>
      <symbol id="sm-34a">
         <name>_fputs</name>
         <value>0x3f5337</value>
         <object_component_ref idref="oc-fc"/>
      </symbol>
      <symbol id="sm-358">
         <name>_fseek</name>
         <value>0x3f58ee</value>
         <object_component_ref idref="oc-102"/>
      </symbol>
      <symbol id="sm-365">
         <name>_memchr</name>
         <value>0x3f5b45</value>
         <object_component_ref idref="oc-107"/>
      </symbol>
      <symbol id="sm-374">
         <name>___memcpy_ff</name>
         <value>0x3f5a51</value>
         <object_component_ref idref="oc-10c"/>
      </symbol>
      <symbol id="sm-3ba">
         <name>__sys_memory</name>
         <value>0x400</value>
         <object_component_ref idref="oc-115"/>
      </symbol>
      <symbol id="sm-3bb">
         <name>_chkheap</name>
         <value>0x3f4e9b</value>
         <object_component_ref idref="oc-111"/>
      </symbol>
      <symbol id="sm-3bc">
         <name>_realloc</name>
         <value>0x3f4daf</value>
         <object_component_ref idref="oc-111"/>
      </symbol>
      <symbol id="sm-3bd">
         <name>_free_memory</name>
         <value>0x3f4e7f</value>
         <object_component_ref idref="oc-111"/>
      </symbol>
      <symbol id="sm-3be">
         <name>_max_free</name>
         <value>0x3f4e5f</value>
         <object_component_ref idref="oc-111"/>
      </symbol>
      <symbol id="sm-3bf">
         <name>_free</name>
         <value>0x3f4ced</value>
         <object_component_ref idref="oc-111"/>
      </symbol>
      <symbol id="sm-3c0">
         <name>_calloc</name>
         <value>0x3f4e9d</value>
         <object_component_ref idref="oc-111"/>
      </symbol>
      <symbol id="sm-3c1">
         <name>_malloc</name>
         <value>0x3f4d56</value>
         <object_component_ref idref="oc-111"/>
      </symbol>
      <symbol id="sm-3c2">
         <name>_minit</name>
         <value>0x3f4d32</value>
         <object_component_ref idref="oc-111"/>
      </symbol>
      <symbol id="sm-4ca">
         <name>___TI_printfi</name>
         <value>0x3f480f</value>
         <object_component_ref idref="oc-119"/>
      </symbol>
      <symbol id="sm-4d5">
         <name>_strcpy</name>
         <value>0x3f5bb8</value>
         <object_component_ref idref="oc-120"/>
      </symbol>
      <symbol id="sm-4e0">
         <name>_strlen</name>
         <value>0x3f5bab</value>
         <object_component_ref idref="oc-125"/>
      </symbol>
      <symbol id="sm-4f1">
         <name>_atoi</name>
         <value>0x3f595d</value>
         <object_component_ref idref="oc-12a"/>
      </symbol>
      <symbol id="sm-4f9">
         <name>__ctypes_</name>
         <value>0x3f5bc0</value>
         <object_component_ref idref="oc-186"/>
      </symbol>
      <symbol id="sm-508">
         <name>___TI_closefile</name>
         <value>0x3f575c</value>
         <object_component_ref idref="oc-131"/>
      </symbol>
      <symbol id="sm-509">
         <name>_fclose</name>
         <value>0x3f579e</value>
         <object_component_ref idref="oc-131"/>
      </symbol>
      <symbol id="sm-515">
         <name>FD$$CMP</name>
         <value>0x3f59ba</value>
         <object_component_ref idref="oc-136"/>
      </symbol>
      <symbol id="sm-528">
         <name>FD$$DIV</name>
         <value>0x3f5506</value>
         <object_component_ref idref="oc-13a"/>
      </symbol>
      <symbol id="sm-536">
         <name>FD$$MPY</name>
         <value>0x3f5591</value>
         <object_component_ref idref="oc-13e"/>
      </symbol>
      <symbol id="sm-53f">
         <name>FD$$NEG</name>
         <value>0x3f5b9a</value>
         <object_component_ref idref="oc-142"/>
      </symbol>
      <symbol id="sm-547">
         <name>FD$$SUB</name>
         <value>0x3f5b55</value>
         <object_component_ref idref="oc-146"/>
      </symbol>
      <symbol id="sm-552">
         <name>FD$$TOI</name>
         <value>0x3f5a30</value>
         <object_component_ref idref="oc-14a"/>
      </symbol>
      <symbol id="sm-55d">
         <name>FD$$TOL</name>
         <value>0x3f5a72</value>
         <object_component_ref idref="oc-14e"/>
      </symbol>
      <symbol id="sm-569">
         <name>FS$$TOFD</name>
         <value>0x3f5aaf</value>
         <object_component_ref idref="oc-152"/>
      </symbol>
      <symbol id="sm-571">
         <name>LL$$AND</name>
         <value>0x3f5b19</value>
         <object_component_ref idref="oc-156"/>
      </symbol>
      <symbol id="sm-572">
         <name>LL$$OR</name>
         <value>0x3f5b21</value>
         <object_component_ref idref="oc-156"/>
      </symbol>
      <symbol id="sm-573">
         <name>LL$$XOR</name>
         <value>0x3f5b29</value>
         <object_component_ref idref="oc-156"/>
      </symbol>
      <symbol id="sm-57d">
         <name>ULL$$CMP</name>
         <value>0x3f5aa3</value>
         <object_component_ref idref="oc-15a"/>
      </symbol>
      <symbol id="sm-57e">
         <name>LL$$CMP</name>
         <value>0x3f5a91</value>
         <object_component_ref idref="oc-15a"/>
      </symbol>
      <symbol id="sm-5a5">
         <name>ULL$$MOD</name>
         <value>0x3f51d6</value>
         <object_component_ref idref="oc-15e"/>
      </symbol>
      <symbol id="sm-5a6">
         <name>ULL$$DIV</name>
         <value>0x3f51a7</value>
         <object_component_ref idref="oc-15e"/>
      </symbol>
      <symbol id="sm-5a7">
         <name>LL$$MOD</name>
         <value>0x3f516d</value>
         <object_component_ref idref="oc-15e"/>
      </symbol>
      <symbol id="sm-5a8">
         <name>LL$$DIV</name>
         <value>0x3f5131</value>
         <object_component_ref idref="oc-15e"/>
      </symbol>
      <symbol id="sm-5b0">
         <name>LL$$MPY</name>
         <value>0x3f5b31</value>
         <object_component_ref idref="oc-162"/>
      </symbol>
      <symbol id="sm-5bc">
         <name>_ltoa</name>
         <value>0x3f598e</value>
         <object_component_ref idref="oc-166"/>
      </symbol>
      <symbol id="sm-5c8">
         <name>L$$TOFD</name>
         <value>0x3f5acb</value>
         <object_component_ref idref="oc-16b"/>
      </symbol>
      <symbol id="sm-5d5">
         <name>_memccpy</name>
         <value>0x3f5b63</value>
         <object_component_ref idref="oc-16f"/>
      </symbol>
      <symbol id="sm-5e1">
         <name>_memset</name>
         <value>0x3f5b70</value>
         <object_component_ref idref="oc-174"/>
      </symbol>
      <symbol id="sm-5eb">
         <name>_remove</name>
         <value>0x3f5bbd</value>
         <object_component_ref idref="oc-179"/>
      </symbol>
      <symbol id="sm-602">
         <name>FD$$ADD</name>
         <value>0x3f53dc</value>
         <object_component_ref idref="oc-17e"/>
      </symbol>
      <symbol id="sm-60a">
         <name>UL$$MOD</name>
         <value>0x3f5a08</value>
         <object_component_ref idref="oc-182"/>
      </symbol>
      <symbol id="sm-60b">
         <name>L$$MOD</name>
         <value>0x3f59f3</value>
         <object_component_ref idref="oc-182"/>
      </symbol>
      <symbol id="sm-60c">
         <name>L$$DIV</name>
         <value>0x3f59e4</value>
         <object_component_ref idref="oc-182"/>
      </symbol>
      <symbol id="sm-60d">
         <name>UL$$DIV</name>
         <value>0x3f5a01</value>
         <object_component_ref idref="oc-182"/>
      </symbol>
   </symbol_table>
   <title>Link successful</title>
</link_info>
