******************************************************************************
             TMS320C2000 Linker PC v6.2.0                      
******************************************************************************
>> Linked Thu May 08 18:13:12 2014

OUTPUT FILE NAME:   <CompareValues.out>
ENTRY POINT SYMBOL: "_c_int00"  address: 003f58aa


MEMORY CONFIGURATION

         name            origin    length      used     unused   attr    fill
----------------------  --------  ---------  --------  --------  ----  --------
PAGE 0:
  BOOT_RSVD             00000000   00000050  00000000  00000050  RWIX
  progRAM               00008000   00000c00  0000001b  00000be5  RWIX
  OTP                   003d7800   00000400  00000000  00000400  RWIX
  FLASHH                003d8000   00004000  00000000  00004000  RWIX
  FLASHG                003dc000   00004000  00000000  00004000  RWIX
  FLASHF                003e0000   00004000  00000000  00004000  RWIX
  FLASHE                003e4000   00004000  00000000  00004000  RWIX
  FLASHD                003e8000   00004000  00000000  00004000  RWIX
  FLASHC                003ec000   00004000  00000000  00004000  RWIX
  FLASHA                003f4000   00003f80  00001db8  000021c8  RWIX
  CSM_RSVD              003f7f80   00000076  00000000  00000076  RWIX
  BEGIN                 003f7ff6   00000002  00000002  00000000  RWIX
  CSM_PWL               003f7ff8   00000008  00000000  00000008  RWIX
  FPUTABLES             003fd860   000006a0  00000000  000006a0  RWIX
  IQTABLES              003fdf00   00000b50  00000000  00000b50  RWIX
  IQTABLES2             003fea50   0000008c  00000000  0000008c  RWIX
  IQTABLES3             003feadc   000000aa  00000000  000000aa  RWIX
  BOOTROM               003ff3b0   00000c10  00000000  00000c10  RWIX
  RESET                 003fffc0   00000002  00000000  00000002  RWIX
  VECTORS               003fffc2   0000003e  00000000  0000003e  RWIX

PAGE 1:
  RAMM0                 00000050   000003b0  00000380  00000030  RWIX
  RAMM1                 00000400   00000400  00000400  00000000  RWIX
  DEV_EMU               00000880   00000105  00000004  00000101  RWIX
  SYS_PWR_CTL           00000985   00000003  00000003  00000000  RWIX
  FLASH_REGS            00000a80   00000060  00000008  00000058  RWIX
  CSM                   00000ae0   00000020  00000010  00000010  RWIX
  ADC_RESULT            00000b00   00000020  00000010  00000010  RWIX
  CPU_TIMER0            00000c00   00000008  00000008  00000000  RWIX
  CPU_TIMER1            00000c08   00000008  00000008  00000000  RWIX
  CPU_TIMER2            00000c10   00000008  00000008  00000000  RWIX
  PIE_CTRL              00000ce0   00000020  0000001a  00000006  RWIX
  PIE_VECT              00000d00   00000100  00000100  00000000  RWIX
  DMA                   00001000   00000200  000000e0  00000120  RWIX
  CLA1                  00001400   00000080  00000040  00000040  RWIX
  McBSPA                00005000   00000040  00000024  0000001c  RWIX
  ECANA                 00006000   00000040  00000034  0000000c  RWIX
  ECANA_LAM             00006040   00000040  00000040  00000000  RWIX
  ECANA_MOTS            00006080   00000040  00000040  00000000  RWIX
  ECANA_MOTO            000060c0   00000040  00000040  00000000  RWIX
  ECANA_MBOX            00006100   00000100  00000100  00000000  RWIX
  COMP1                 00006400   00000020  00000007  00000019  RWIX
  COMP2                 00006420   00000020  00000007  00000019  RWIX
  COMP3                 00006440   00000020  00000007  00000019  RWIX
  EPWM1                 00006800   00000040  00000040  00000000  RWIX
  EPWM2                 00006840   00000040  00000040  00000000  RWIX
  EPWM3                 00006880   00000040  00000040  00000000  RWIX
  EPWM4                 000068c0   00000040  00000040  00000000  RWIX
  EPWM5                 00006900   00000040  00000040  00000000  RWIX
  EPWM6                 00006940   00000040  00000040  00000000  RWIX
  EPWM7                 00006980   00000040  00000040  00000000  RWIX
  EPWM8                 000069c0   00000040  00000040  00000000  RWIX
  ECAP1                 00006a00   00000020  00000020  00000000  RWIX
  ECAP2                 00006a20   00000020  00000020  00000000  RWIX
  ECAP3                 00006a40   00000020  00000020  00000000  RWIX
  EQEP1                 00006b00   00000040  00000022  0000001e  RWIX
  EQEP2                 00006b40   00000040  00000022  0000001e  RWIX
  GPIOCTRL              00006f80   00000040  00000040  00000000  RWIX
  GPIODAT               00006fc0   00000020  00000020  00000000  RWIX
  GPIOINT               00006fe0   00000020  00000020  00000000  RWIX
  SYSTEM                00007010   00000030  00000030  00000000  RWIX
  SPIA                  00007040   00000010  00000010  00000000  RWIX
  SCIA                  00007050   00000010  00000010  00000000  RWIX
  NMIINTRUPT            00007060   00000010  00000010  00000000  RWIX
  XINTRUPT              00007070   00000010  00000010  00000000  RWIX
  ADC                   00007100   00000080  00000050  00000030  RWIX
  SPIB                  00007740   00000010  00000010  00000000  RWIX
  SCIB                  00007750   00000010  00000010  00000000  RWIX
  I2CA                  00007900   00000040  00000022  0000001e  RWIX
  dataRAM               00008c00   00001400  00000328  000010d8  RWIX
  RAML4                 0000a000   00002000  00000000  00002000  RWIX
  RAML5                 0000c000   00002000  00000000  00002000  RWIX
  RAML6                 0000e000   00002000  00000000  00002000  RWIX
  RAML7                 00010000   00002000  00000000  00002000  RWIX
  RAML8                 00012000   00002000  00000000  00002000  RWIX
  PARTID                003d7e80   00000001  00000001  00000000  RWIX
  FLASHB                003f4000   00002000  00000000  00002000  RWIX
  CSM_PWL               003f7ff8   00000008  00000008  00000000  RWIX


SECTION ALLOCATION MAP

 output                                  attributes/
section   page    origin      length       input sections
--------  ----  ----------  ----------   ----------------
.pinit     0    003f4000    00000000     UNINITIALIZED

.text      0    003f4000    00001bc0     
                  003f4000    000008fc     rts2800_ml.lib : _printfi.obj (.text)
                  003f48fc    00000201                    : lowlev.obj (.text)
                  003f4afd    000001f0                    : trgdrv.obj (.text)
                  003f4ced    000001c7                    : memory.obj (.text)
                  003f4eb4    0000016a     CompareValues-DevInit_F2806x.obj (.text)
                  003f501e    00000113     CompareValues-Main.obj (.text)
                  003f5131    00000107     rts2800_ml.lib : ll_div.obj (.text)
                  003f5238    000000ff                    : fopen.obj (.text)
                  003f5337    000000a5                    : fputs.obj (.text)
                  003f53dc    0000009c                    : fd_add.obj (.text)
                  003f5478    0000008e                    : ankmsg.obj (.text)
                  003f5506    0000008b                    : fd_div.obj (.text)
                  003f5591    00000083                    : fd_mpy.obj (.text)
                  003f5614    00000078                    : setvbuf.obj (.text)
                  003f568c    0000006b                    : fflush.obj (.text)
                  003f56f7    00000065                    : _io_perm.obj (.text)
                  003f575c    0000005b                    : fclose.obj (.text)
                  003f57b7    00000053                    : _bufread.obj (.text)
                  003f580a    00000050                    : fgetc.obj (.text)
                  003f585a    00000050                    : fputc.obj (.text)
                  003f58aa    00000044                    : boot.obj (.text)
                  003f58ee    0000003d                    : fseek.obj (.text)
                  003f592b    00000032                    : printf.obj (.text)
                  003f595d    00000031                    : atoi.obj (.text)
                  003f598e    0000002c                    : ltoa.obj (.text)
                  003f59ba    0000002a                    : fd_cmp.obj (.text)
                  003f59e4    0000002a                    : l_div.obj (.text)
                  003f5a0e    00000022                    : strncpy.obj (.text)
                  003f5a30    00000021                    : fd_toi.obj (.text)
                  003f5a51    00000021                    : memcpy_ff.obj (.text)
                  003f5a72    0000001f                    : fd_tol.obj (.text)
                  003f5a91    0000001e                    : ll_cmp.obj (.text)
                  003f5aaf    0000001c                    : fs_tofd.obj (.text)
                  003f5acb    0000001c                    : l_tofd.obj (.text)
                  003f5ae7    00000019                    : args_main.obj (.text)
                  003f5b00    00000019                    : exit.obj (.text)
                  003f5b19    00000018                    : ll_aox.obj (.text)
                  003f5b31    00000014                    : ll_mpy.obj (.text)
                  003f5b45    00000010                    : memchr.obj (.text)
                  003f5b55    0000000e                    : fd_sub.obj (.text)
                  003f5b63    0000000d                    : memccpy.obj (.text)
                  003f5b70    0000000c                    : memset.obj (.text)
                  003f5b7c    0000000b                    : strchr.obj (.text)
                  003f5b87    0000000a                    : strcmp.obj (.text)
                  003f5b91    00000009                    : _lock.obj (.text)
                  003f5b9a    00000009                    : fd_neg.obj (.text)
                  003f5ba3    00000008     F2806x_CodeStartBranch.obj (.text)
                  003f5bab    00000008     rts2800_ml.lib : strlen.obj (.text)
                  003f5bb3    00000005     CompareValues-DevInit_F2806x.obj (.text:retain)
                  003f5bb8    00000005     rts2800_ml.lib : strcpy.obj (.text)
                  003f5bbd    00000003                    : remove.obj (.text)

.econst    0    003f5bc0    0000015c     
                  003f5bc0    00000101     rts2800_ml.lib : ctype.obj (.econst:.string:__ctypes_)
                  003f5cc1    00000001     --HOLE-- [fill = 0]
                  003f5cc2    00000024                    : _printfi.obj (.econst:.string)
                  003f5ce6    0000001c     CompareValues-Main.obj (.econst:.string)
                  003f5d02    00000018     rts2800_ml.lib : _printfi.obj (.econst)
                  003f5d1a    00000002                    : fputs.obj (.econst:.string)

.cinit     0    003f5d1c    00000081     
                  003f5d1c    00000031     rts2800_ml.lib : lowlev.obj (.cinit)
                  003f5d4d    0000002a                    : defs.obj (.cinit)
                  003f5d77    0000000a                    : _lock.obj (.cinit)
                  003f5d81    0000000a                    : exit.obj (.cinit)
                  003f5d8b    00000008     CompareValues-Main.obj (.cinit)
                  003f5d93    00000004     rts2800_ml.lib : fopen.obj (.cinit)
                  003f5d97    00000004                    : memory.obj (.cinit)
                  003f5d9b    00000002     --HOLE-- [fill = 0]

ramfuncs   0    003f5d9d    0000001b     RUN ADDR = 00008000
                  003f5d9d    0000001b     CompareValues-DevInit_F2806x.obj (ramfuncs)

codestart 
*          0    003f7ff6    00000002     
                  003f7ff6    00000002     F2806x_CodeStartBranch.obj (codestart)

.reset     0    003fffc0    00000002     DSECT
                  003fffc0    00000002     rts2800_ml.lib : boot.obj (.reset)

vectors    0    003fffc2    00000000     DSECT

.stack     1    00000050    00000380     UNINITIALIZED
                  00000050    00000380     --HOLE--

.sysmem    1    00000400    00000400     UNINITIALIZED
                  00000400    00000001     rts2800_ml.lib : memory.obj (.sysmem)
                  00000401    000003ff     --HOLE--

DevEmuRegsFile 
*          1    00000880    00000004     UNINITIALIZED
                  00000880    00000004     F2806x_GlobalVariableDefs.obj (DevEmuRegsFile)

SysPwrCtrlRegsFile 
*          1    00000985    00000003     UNINITIALIZED
                  00000985    00000003     F2806x_GlobalVariableDefs.obj (SysPwrCtrlRegsFile)

FlashRegsFile 
*          1    00000a80    00000008     UNINITIALIZED
                  00000a80    00000008     F2806x_GlobalVariableDefs.obj (FlashRegsFile)

CsmRegsFile 
*          1    00000ae0    00000010     UNINITIALIZED
                  00000ae0    00000010     F2806x_GlobalVariableDefs.obj (CsmRegsFile)

AdcResultFile 
*          1    00000b00    00000010     UNINITIALIZED
                  00000b00    00000010     F2806x_GlobalVariableDefs.obj (AdcResultFile)

CpuTimer0RegsFile 
*          1    00000c00    00000008     UNINITIALIZED
                  00000c00    00000008     F2806x_GlobalVariableDefs.obj (CpuTimer0RegsFile)

CpuTimer1RegsFile 
*          1    00000c08    00000008     UNINITIALIZED
                  00000c08    00000008     F2806x_GlobalVariableDefs.obj (CpuTimer1RegsFile)

CpuTimer2RegsFile 
*          1    00000c10    00000008     UNINITIALIZED
                  00000c10    00000008     F2806x_GlobalVariableDefs.obj (CpuTimer2RegsFile)

PieCtrlRegsFile 
*          1    00000ce0    0000001a     UNINITIALIZED
                  00000ce0    0000001a     F2806x_GlobalVariableDefs.obj (PieCtrlRegsFile)

PieVectTableFile 
*          1    00000d00    00000100     UNINITIALIZED
                  00000d00    00000100     F2806x_GlobalVariableDefs.obj (PieVectTableFile)

EmuKeyVar 
*          1    00000d00    00000001     UNINITIALIZED
                  00000d00    00000001     F2806x_GlobalVariableDefs.obj (EmuKeyVar)

EmuBModeVar 
*          1    00000d01    00000001     UNINITIALIZED
                  00000d01    00000001     F2806x_GlobalVariableDefs.obj (EmuBModeVar)

FlashCallbackVar 
*          1    00000d02    00000002     UNINITIALIZED
                  00000d02    00000002     F2806x_GlobalVariableDefs.obj (FlashCallbackVar)

FlashScalingVar 
*          1    00000d04    00000002     UNINITIALIZED
                  00000d04    00000002     F2806x_GlobalVariableDefs.obj (FlashScalingVar)

DmaRegsFile 
*          1    00001000    000000e0     UNINITIALIZED
                  00001000    000000e0     F2806x_GlobalVariableDefs.obj (DmaRegsFile)

Cla1RegsFile 
*          1    00001400    00000040     UNINITIALIZED
                  00001400    00000040     F2806x_GlobalVariableDefs.obj (Cla1RegsFile)

McbspaRegsFile 
*          1    00005000    00000024     UNINITIALIZED
                  00005000    00000024     F2806x_GlobalVariableDefs.obj (McbspaRegsFile)

ECanaRegsFile 
*          1    00006000    00000034     UNINITIALIZED
                  00006000    00000034     F2806x_GlobalVariableDefs.obj (ECanaRegsFile)

ECanaLAMRegsFile 
*          1    00006040    00000040     UNINITIALIZED
                  00006040    00000040     F2806x_GlobalVariableDefs.obj (ECanaLAMRegsFile)

ECanaMOTSRegsFile 
*          1    00006080    00000040     UNINITIALIZED
                  00006080    00000040     F2806x_GlobalVariableDefs.obj (ECanaMOTSRegsFile)

ECanaMOTORegsFile 
*          1    000060c0    00000040     UNINITIALIZED
                  000060c0    00000040     F2806x_GlobalVariableDefs.obj (ECanaMOTORegsFile)

ECanaMboxesFile 
*          1    00006100    00000100     UNINITIALIZED
                  00006100    00000100     F2806x_GlobalVariableDefs.obj (ECanaMboxesFile)

Comp1RegsFile 
*          1    00006400    00000007     UNINITIALIZED
                  00006400    00000007     F2806x_GlobalVariableDefs.obj (Comp1RegsFile)

Comp2RegsFile 
*          1    00006420    00000007     UNINITIALIZED
                  00006420    00000007     F2806x_GlobalVariableDefs.obj (Comp2RegsFile)

Comp3RegsFile 
*          1    00006440    00000007     UNINITIALIZED
                  00006440    00000007     F2806x_GlobalVariableDefs.obj (Comp3RegsFile)

EPwm1RegsFile 
*          1    00006800    00000040     UNINITIALIZED
                  00006800    00000040     F2806x_GlobalVariableDefs.obj (EPwm1RegsFile)

EPwm2RegsFile 
*          1    00006840    00000040     UNINITIALIZED
                  00006840    00000040     F2806x_GlobalVariableDefs.obj (EPwm2RegsFile)

EPwm3RegsFile 
*          1    00006880    00000040     UNINITIALIZED
                  00006880    00000040     F2806x_GlobalVariableDefs.obj (EPwm3RegsFile)

EPwm4RegsFile 
*          1    000068c0    00000040     UNINITIALIZED
                  000068c0    00000040     F2806x_GlobalVariableDefs.obj (EPwm4RegsFile)

EPwm5RegsFile 
*          1    00006900    00000040     UNINITIALIZED
                  00006900    00000040     F2806x_GlobalVariableDefs.obj (EPwm5RegsFile)

EPwm6RegsFile 
*          1    00006940    00000040     UNINITIALIZED
                  00006940    00000040     F2806x_GlobalVariableDefs.obj (EPwm6RegsFile)

EPwm7RegsFile 
*          1    00006980    00000040     UNINITIALIZED
                  00006980    00000040     F2806x_GlobalVariableDefs.obj (EPwm7RegsFile)

EPwm8RegsFile 
*          1    000069c0    00000040     UNINITIALIZED
                  000069c0    00000040     F2806x_GlobalVariableDefs.obj (EPwm8RegsFile)

ECap1RegsFile 
*          1    00006a00    00000020     UNINITIALIZED
                  00006a00    00000020     F2806x_GlobalVariableDefs.obj (ECap1RegsFile)

ECap2RegsFile 
*          1    00006a20    00000020     UNINITIALIZED
                  00006a20    00000020     F2806x_GlobalVariableDefs.obj (ECap2RegsFile)

ECap3RegsFile 
*          1    00006a40    00000020     UNINITIALIZED
                  00006a40    00000020     F2806x_GlobalVariableDefs.obj (ECap3RegsFile)

EQep1RegsFile 
*          1    00006b00    00000022     UNINITIALIZED
                  00006b00    00000022     F2806x_GlobalVariableDefs.obj (EQep1RegsFile)

EQep2RegsFile 
*          1    00006b40    00000022     UNINITIALIZED
                  00006b40    00000022     F2806x_GlobalVariableDefs.obj (EQep2RegsFile)

GpioCtrlRegsFile 
*          1    00006f80    00000040     UNINITIALIZED
                  00006f80    00000040     F2806x_GlobalVariableDefs.obj (GpioCtrlRegsFile)

GpioDataRegsFile 
*          1    00006fc0    00000020     UNINITIALIZED
                  00006fc0    00000020     F2806x_GlobalVariableDefs.obj (GpioDataRegsFile)

GpioIntRegsFile 
*          1    00006fe0    00000020     UNINITIALIZED
                  00006fe0    00000020     F2806x_GlobalVariableDefs.obj (GpioIntRegsFile)

SysCtrlRegsFile 
*          1    00007010    00000030     UNINITIALIZED
                  00007010    00000030     F2806x_GlobalVariableDefs.obj (SysCtrlRegsFile)

SpiaRegsFile 
*          1    00007040    00000010     UNINITIALIZED
                  00007040    00000010     F2806x_GlobalVariableDefs.obj (SpiaRegsFile)

SciaRegsFile 
*          1    00007050    00000010     UNINITIALIZED
                  00007050    00000010     F2806x_GlobalVariableDefs.obj (SciaRegsFile)

NmiIntruptRegsFile 
*          1    00007060    00000010     UNINITIALIZED
                  00007060    00000010     F2806x_GlobalVariableDefs.obj (NmiIntruptRegsFile)

XIntruptRegsFile 
*          1    00007070    00000010     UNINITIALIZED
                  00007070    00000010     F2806x_GlobalVariableDefs.obj (XIntruptRegsFile)

AdcRegsFile 
*          1    00007100    00000050     UNINITIALIZED
                  00007100    00000050     F2806x_GlobalVariableDefs.obj (AdcRegsFile)

SpibRegsFile 
*          1    00007740    00000010     UNINITIALIZED
                  00007740    00000010     F2806x_GlobalVariableDefs.obj (SpibRegsFile)

ScibRegsFile 
*          1    00007750    00000010     UNINITIALIZED
                  00007750    00000010     F2806x_GlobalVariableDefs.obj (ScibRegsFile)

I2caRegsFile 
*          1    00007900    00000022     UNINITIALIZED
                  00007900    00000022     F2806x_GlobalVariableDefs.obj (I2caRegsFile)

.ebss      1    00008c00    00000208     UNINITIALIZED
                  00008c00    00000160     rts2800_ml.lib : defs.obj (.ebss)
                  00008d60    00000008                    : memory.obj (.ebss)
                  00008d68    00000008                    : trgdrv.obj (.ebss)
                  00008d70    00000004                    : _lock.obj (.ebss)
                  00008d74    00000004                    : exit.obj (.ebss)
                  00008d78    00000002     CompareValues-Main.obj (.ebss)
                  00008d7a    00000001     rts2800_ml.lib : fopen.obj (.ebss)
                  00008d7b    00000005     --HOLE--
                  00008d80    00000088                    : lowlev.obj (.ebss)

.cio       1    00008e40    00000120     UNINITIALIZED
                  00008e40    00000120     rts2800_ml.lib : ankmsg.obj (.cio)

PartIdRegsFile 
*          1    003d7e80    00000001     UNINITIALIZED
                  003d7e80    00000001     F2806x_GlobalVariableDefs.obj (PartIdRegsFile)

CsmPwlFile 
*          1    003f7ff8    00000008     UNINITIALIZED
                  003f7ff8    00000008     F2806x_GlobalVariableDefs.obj (CsmPwlFile)


GLOBAL DATA SYMBOLS: SORTED BY DATA PAGE

address     data page           name
--------    ----------------    ----
00000050       1 (00000040)     __stack

00000400      10 (00000400)     __sys_memory

00000880      22 (00000880)     _DevEmuRegs

00000985      26 (00000980)     _SysPwrCtrlRegs

00000a80      2a (00000a80)     _FlashRegs

00000ae0      2b (00000ac0)     _CsmRegs

00000b00      2c (00000b00)     _AdcResult

00000c00      30 (00000c00)     _CpuTimer0Regs
00000c08      30 (00000c00)     _CpuTimer1Regs
00000c10      30 (00000c00)     _CpuTimer2Regs

00000ce0      33 (00000cc0)     _PieCtrlRegs

00000d00      34 (00000d00)     _EmuKey
00000d00      34 (00000d00)     _PieVectTable
00000d01      34 (00000d00)     _EmuBMode
00000d02      34 (00000d00)     _Flash_CallbackPtr
00000d04      34 (00000d00)     _Flash_CPUScaleFactor

00001000      40 (00001000)     _DmaRegs

00001400      50 (00001400)     _Cla1Regs

00005000     140 (00005000)     _McbspaRegs

00006000     180 (00006000)     _ECanaRegs

00006040     181 (00006040)     _ECanaLAMRegs

00006080     182 (00006080)     _ECanaMOTSRegs

000060c0     183 (000060c0)     _ECanaMOTORegs

00006100     184 (00006100)     _ECanaMboxes

00006400     190 (00006400)     _Comp1Regs
00006420     190 (00006400)     _Comp2Regs

00006440     191 (00006440)     _Comp3Regs

00006800     1a0 (00006800)     _EPwm1Regs

00006840     1a1 (00006840)     _EPwm2Regs

00006880     1a2 (00006880)     _EPwm3Regs

000068c0     1a3 (000068c0)     _EPwm4Regs

00006900     1a4 (00006900)     _EPwm5Regs

00006940     1a5 (00006940)     _EPwm6Regs

00006980     1a6 (00006980)     _EPwm7Regs

000069c0     1a7 (000069c0)     _EPwm8Regs

00006a00     1a8 (00006a00)     _ECap1Regs
00006a20     1a8 (00006a00)     _ECap2Regs

00006a40     1a9 (00006a40)     _ECap3Regs

00006b00     1ac (00006b00)     _EQep1Regs

00006b40     1ad (00006b40)     _EQep2Regs

00006f80     1be (00006f80)     _GpioCtrlRegs

00006fc0     1bf (00006fc0)     _GpioDataRegs
00006fe0     1bf (00006fc0)     _GpioIntRegs

00007010     1c0 (00007000)     _SysCtrlRegs

00007040     1c1 (00007040)     _SpiaRegs
00007050     1c1 (00007040)     _SciaRegs
00007060     1c1 (00007040)     _NmiIntruptRegs
00007070     1c1 (00007040)     _XIntruptRegs

00007100     1c4 (00007100)     _AdcRegs

00007740     1dd (00007740)     _SpibRegs
00007750     1dd (00007740)     _ScibRegs

00007900     1e4 (00007900)     _I2caRegs

00008c00     230 (00008c00)     ___TI_ft_end

00008c40     231 (00008c40)     __ftable

00008cc0     233 (00008cc0)     ___TI_tmpnams

00008d70     235 (00008d40)     __unlock
00008d72     235 (00008d40)     __lock
00008d74     235 (00008d40)     ___TI_cleanup_ptr
00008d76     235 (00008d40)     ___TI_dtors_ptr
00008d78     235 (00008d40)     _dac_value
00008d79     235 (00008d40)     _duty_cycle_A

00008e40     239 (00008e40)     __CIOBUF_

003d7e80    f5fa (003d7e80)     _PartIdRegs

003f5bc0    fd6f (003f5bc0)     __ctypes_

003f7ff8    fdff (003f7fc0)     _CsmPwl


GLOBAL SYMBOLS: SORTED ALPHABETICALLY BY Name 

address    name
--------   ----
003f4000   .text
003f5b00   C$$EXIT
003f54c8   C$$IO$$
003f53dc   FD$$ADD
003f59ba   FD$$CMP
003f5506   FD$$DIV
003f5591   FD$$MPY
003f5b9a   FD$$NEG
003f5b55   FD$$SUB
003f5a30   FD$$TOI
003f5a72   FD$$TOL
003f5aaf   FS$$TOFD
003f59e4   L$$DIV
003f59f3   L$$MOD
003f5acb   L$$TOFD
003f5b19   LL$$AND
003f5a91   LL$$CMP
003f5131   LL$$DIV
003f516d   LL$$MOD
003f5b31   LL$$MPY
003f5b21   LL$$OR
003f5b29   LL$$XOR
003f5a01   UL$$DIV
003f5a08   UL$$MOD
003f5aa3   ULL$$CMP
003f51a7   ULL$$DIV
003f51d6   ULL$$MOD
00007100   _AdcRegs
00000b00   _AdcResult
00001400   _Cla1Regs
00006400   _Comp1Regs
00006420   _Comp2Regs
00006440   _Comp3Regs
00000c00   _CpuTimer0Regs
00000c08   _CpuTimer1Regs
00000c10   _CpuTimer2Regs
003f7ff8   _CsmPwl
00000ae0   _CsmRegs
00000880   _DevEmuRegs
003f4eb4   _DeviceInit
00001000   _DmaRegs
00006040   _ECanaLAMRegs
000060c0   _ECanaMOTORegs
00006080   _ECanaMOTSRegs
00006100   _ECanaMboxes
00006000   _ECanaRegs
00006a00   _ECap1Regs
00006a20   _ECap2Regs
00006a40   _ECap3Regs
00006800   _EPwm1Regs
00006840   _EPwm2Regs
00006880   _EPwm3Regs
000068c0   _EPwm4Regs
00006900   _EPwm5Regs
00006940   _EPwm6Regs
00006980   _EPwm7Regs
000069c0   _EPwm8Regs
00006b00   _EQep1Regs
00006b40   _EQep2Regs
00000d01   _EmuBMode
00000d00   _EmuKey
00000a80   _FlashRegs
00000d04   _Flash_CPUScaleFactor
00000d02   _Flash_CallbackPtr
00006f80   _GpioCtrlRegs
00006fc0   _GpioDataRegs
00006fe0   _GpioIntRegs
003f4cc3   _HOSTclock
003f4c9c   _HOSTclose
003f4c74   _HOSTgetenv
003f4c2d   _HOSTlseek
003f4bf6   _HOSTopen
003f4bc0   _HOSTread
003f4b82   _HOSTrename
003f4b58   _HOSTtime
003f4b33   _HOSTunlink
003f4afd   _HOSTwrite
00007900   _I2caRegs
003f5bb3   _ISR_ILLEGAL
00008000   _InitFlash
00005000   _McbspaRegs
003f5009   _MemCopy
00007060   _NmiIntruptRegs
003f4f98   _PLLset
003d7e80   _PartIdRegs
003f4fce   _PieCntlInit
00000ce0   _PieCtrlRegs
00000d00   _PieVectTable
003f4fed   _PieVectTableInit
003f5db8   _RamfuncsLoadEnd
003f5d9d   _RamfuncsLoadStart
00008000   _RamfuncsRunStart
00007050   _SciaRegs
00007750   _ScibRegs
00007040   _SpiaRegs
00007740   _SpibRegs
00007010   _SysCtrlRegs
00000985   _SysPwrCtrlRegs
003f4f90   _WDogDisable
00007070   _XIntruptRegs
00008e40   __CIOBUF_
000003d0   __STACK_END
00000380   __STACK_SIZE
00000400   __SYSMEM_SIZE
00000001   __TI_args_main
003f57b7   ___TI_buff_read
003f52b0   ___TI_cleanup
00008d74   ___TI_cleanup_ptr
003f575c   ___TI_closefile
003f568c   ___TI_doflush
00008d76   ___TI_dtors_ptr
00008c00   ___TI_ft_end
003f480f   ___TI_printfi
003f5731   ___TI_rd_ok
003f54cc   ___TI_readmsg
00008cc0   ___TI_tmpnams
003f5478   ___TI_writemsg
003f56f7   ___TI_wrt_ok
ffffffff   ___binit__
ffffffff   ___c_args__
003f5d1c   ___cinit__
003f5bc0   ___etext__
003f5a51   ___memcpy_ff
ffffffff   ___pinit__
003f4000   ___text__
003f5ae7   __args_main
003f5bc0   __ctypes_
00008c40   __ftable
00008d72   __lock
003f5b99   __nop
003f5b95   __register_lock
003f5b91   __register_unlock
00000050   __stack
00000400   __sys_memory
00008d70   __unlock
003f5b00   _abort
003f4a91   _add_device
003f595d   _atoi
003f58aa   _c_int00
003f4e9d   _calloc
003f4e9b   _chkheap
003f4a5f   _close
00008d78   _dac_value
00008d79   _duty_cycle_A
003f5b02   _exit
003f579e   _fclose
003f56bb   _fflush
003f580a   _fgetc
003f531d   _fopen
003f585a   _fputc
003f5337   _fputs
003f4ced   _free
003f4e7f   _free_memory
003f52cd   _freopen
003f58ee   _fseek
003f580a   _getc
003f5855   _getchar
003f4a47   _lseek
003f598e   _ltoa
003f501e   _main
003f4d56   _malloc
003f4e5f   _max_free
003f5b63   _memccpy
003f5b45   _memchr
003f5b70   _memset
003f4d32   _minit
003f49d5   _open
003f5931   _printf
003f585a   _putc
003f58a5   _putchar
003f53ca   _puts
003f49bd   _read
003f4daf   _realloc
003f5bbd   _remove
003f49a3   _remove_device
003f497a   _rename
003f50d1   _restart
003f5614   _setvbuf
003f50c7   _sleepFunc
003f5b7c   _strchr
003f5b87   _strcmp
003f5bb8   _strcpy
003f5bab   _strlen
003f5a0e   _strncpy
003f510b   _test
003f4962   _unlink
003f48fc   _write
ffffffff   binit
003f5d1c   cinit
003f7ff6   code_start
003f5bc0   etext
ffffffff   pinit


GLOBAL SYMBOLS: SORTED BY Symbol Address 

address    name
--------   ----
00000001   __TI_args_main
00000050   __stack
00000380   __STACK_SIZE
000003d0   __STACK_END
00000400   __SYSMEM_SIZE
00000400   __sys_memory
00000880   _DevEmuRegs
00000985   _SysPwrCtrlRegs
00000a80   _FlashRegs
00000ae0   _CsmRegs
00000b00   _AdcResult
00000c00   _CpuTimer0Regs
00000c08   _CpuTimer1Regs
00000c10   _CpuTimer2Regs
00000ce0   _PieCtrlRegs
00000d00   _EmuKey
00000d00   _PieVectTable
00000d01   _EmuBMode
00000d02   _Flash_CallbackPtr
00000d04   _Flash_CPUScaleFactor
00001000   _DmaRegs
00001400   _Cla1Regs
00005000   _McbspaRegs
00006000   _ECanaRegs
00006040   _ECanaLAMRegs
00006080   _ECanaMOTSRegs
000060c0   _ECanaMOTORegs
00006100   _ECanaMboxes
00006400   _Comp1Regs
00006420   _Comp2Regs
00006440   _Comp3Regs
00006800   _EPwm1Regs
00006840   _EPwm2Regs
00006880   _EPwm3Regs
000068c0   _EPwm4Regs
00006900   _EPwm5Regs
00006940   _EPwm6Regs
00006980   _EPwm7Regs
000069c0   _EPwm8Regs
00006a00   _ECap1Regs
00006a20   _ECap2Regs
00006a40   _ECap3Regs
00006b00   _EQep1Regs
00006b40   _EQep2Regs
00006f80   _GpioCtrlRegs
00006fc0   _GpioDataRegs
00006fe0   _GpioIntRegs
00007010   _SysCtrlRegs
00007040   _SpiaRegs
00007050   _SciaRegs
00007060   _NmiIntruptRegs
00007070   _XIntruptRegs
00007100   _AdcRegs
00007740   _SpibRegs
00007750   _ScibRegs
00007900   _I2caRegs
00008000   _InitFlash
00008000   _RamfuncsRunStart
00008c00   ___TI_ft_end
00008c40   __ftable
00008cc0   ___TI_tmpnams
00008d70   __unlock
00008d72   __lock
00008d74   ___TI_cleanup_ptr
00008d76   ___TI_dtors_ptr
00008d78   _dac_value
00008d79   _duty_cycle_A
00008e40   __CIOBUF_
003d7e80   _PartIdRegs
003f4000   .text
003f4000   ___text__
003f480f   ___TI_printfi
003f48fc   _write
003f4962   _unlink
003f497a   _rename
003f49a3   _remove_device
003f49bd   _read
003f49d5   _open
003f4a47   _lseek
003f4a5f   _close
003f4a91   _add_device
003f4afd   _HOSTwrite
003f4b33   _HOSTunlink
003f4b58   _HOSTtime
003f4b82   _HOSTrename
003f4bc0   _HOSTread
003f4bf6   _HOSTopen
003f4c2d   _HOSTlseek
003f4c74   _HOSTgetenv
003f4c9c   _HOSTclose
003f4cc3   _HOSTclock
003f4ced   _free
003f4d32   _minit
003f4d56   _malloc
003f4daf   _realloc
003f4e5f   _max_free
003f4e7f   _free_memory
003f4e9b   _chkheap
003f4e9d   _calloc
003f4eb4   _DeviceInit
003f4f90   _WDogDisable
003f4f98   _PLLset
003f4fce   _PieCntlInit
003f4fed   _PieVectTableInit
003f5009   _MemCopy
003f501e   _main
003f50c7   _sleepFunc
003f50d1   _restart
003f510b   _test
003f5131   LL$$DIV
003f516d   LL$$MOD
003f51a7   ULL$$DIV
003f51d6   ULL$$MOD
003f52b0   ___TI_cleanup
003f52cd   _freopen
003f531d   _fopen
003f5337   _fputs
003f53ca   _puts
003f53dc   FD$$ADD
003f5478   ___TI_writemsg
003f54c8   C$$IO$$
003f54cc   ___TI_readmsg
003f5506   FD$$DIV
003f5591   FD$$MPY
003f5614   _setvbuf
003f568c   ___TI_doflush
003f56bb   _fflush
003f56f7   ___TI_wrt_ok
003f5731   ___TI_rd_ok
003f575c   ___TI_closefile
003f579e   _fclose
003f57b7   ___TI_buff_read
003f580a   _fgetc
003f580a   _getc
003f5855   _getchar
003f585a   _fputc
003f585a   _putc
003f58a5   _putchar
003f58aa   _c_int00
003f58ee   _fseek
003f5931   _printf
003f595d   _atoi
003f598e   _ltoa
003f59ba   FD$$CMP
003f59e4   L$$DIV
003f59f3   L$$MOD
003f5a01   UL$$DIV
003f5a08   UL$$MOD
003f5a0e   _strncpy
003f5a30   FD$$TOI
003f5a51   ___memcpy_ff
003f5a72   FD$$TOL
003f5a91   LL$$CMP
003f5aa3   ULL$$CMP
003f5aaf   FS$$TOFD
003f5acb   L$$TOFD
003f5ae7   __args_main
003f5b00   C$$EXIT
003f5b00   _abort
003f5b02   _exit
003f5b19   LL$$AND
003f5b21   LL$$OR
003f5b29   LL$$XOR
003f5b31   LL$$MPY
003f5b45   _memchr
003f5b55   FD$$SUB
003f5b63   _memccpy
003f5b70   _memset
003f5b7c   _strchr
003f5b87   _strcmp
003f5b91   __register_unlock
003f5b95   __register_lock
003f5b99   __nop
003f5b9a   FD$$NEG
003f5bab   _strlen
003f5bb3   _ISR_ILLEGAL
003f5bb8   _strcpy
003f5bbd   _remove
003f5bc0   ___etext__
003f5bc0   __ctypes_
003f5bc0   etext
003f5d1c   ___cinit__
003f5d1c   cinit
003f5d9d   _RamfuncsLoadStart
003f5db8   _RamfuncsLoadEnd
003f7ff6   code_start
003f7ff8   _CsmPwl
ffffffff   ___binit__
ffffffff   ___c_args__
ffffffff   ___pinit__
ffffffff   binit
ffffffff   pinit

[192 symbols]
